../Core/Inc/core_cm4.h:1626:22:NVIC_EnableIRQ	16	static
../Core/Src/keypad.c:14:5:init_keypad	32	static
../Core/Src/keypad.c:48:5:check_keypad_input_one	56	static
../Core/Src/keypad.c:63:5:check_keypad_input_multiple	128	static
../Core/Src/keypad.c:94:6:Keypad__construct	32	static
../Core/Src/keypad.c:108:5:Keypad__init	16	static
../Core/Src/keypad.c:116:6:Keypad__refresh	40	static
../Core/Src/keypad.c:129:6:Keypad__getChar	40	static
../Core/Src/keypad.c:146:6:Keypad__getCharPressed	40	static
../Core/Src/keypad.c:163:6:Keypad__getCharReleased	40	static
../Core/Src/keypad.c:180:6:KeypadInterrupt__construct	32	static
../Core/Src/keypad.c:187:5:KeypadInterrupt__init	40	static
../Core/Src/keypad.c:231:6:KeypadInterrupt__shiftOutput	16	static
../Core/Src/keypad.c:238:6:KeypadInterrupt__callbackRefresh	40	static
../Core/Src/keypad.c:252:6:KeypadInterrupt__getChar	16	static
../Core/Src/keypad.c:257:6:KeypadInterrupt__getCharPressed	16	static
../Core/Src/keypad.c:262:6:KeypadInterrupt__getCharReleased	16	static
