../Core/Src/timer.c:4:6:SystemClock_Config	32	static
../Core/Src/timer.c:79:6:SystemClock_Config_Interrupt	16	static
../Core/Src/timer.c:87:6:timer_enable	16	static
../Core/Src/timer.c:96:6:timer_disable	16	static
../Core/Src/timer.c:105:6:timer_init	24	static
../Core/Src/timer.c:110:6:timer_reload	16	static
../Core/Src/timer.c:113:6:timer_start	16	static
../Core/Src/timer.c:116:6:timer_stop	16	static
../Core/Src/timer.c:122:6:GPIO_init_AF	4	static
../Core/Src/timer.c:131:6:PWM_channel_init	4	static
../Core/Src/timer.c:152:6:SystemClock__construct	24	static
../Core/Src/timer.c:158:6:SystemClock__init	16	static
../Core/Src/timer.c:166:6:SystemClock__setSpeed	16	static
../Core/Src/timer.c:172:6:SystemClock__setCounterMax	16	static
../Core/Src/timer.c:178:6:SystemClock__setInterruptFrequency	24	static
../Core/Src/timer.c:184:5:SystemClock__getSpeed	16	static
../Core/Src/timer.c:189:5:SystemClock__getCounterMax	16	static
../Core/Src/timer.c:194:8:SystemClock__getInterruptFrequency	16	static
