Archive member included to satisfy reference by file (symbol)

/opt/st/stm32cubeide_1.11.2/plugins/com.st.stm32cube.ide.mcu.externaltools.gnu-tools-for-stm32.10.3-2021.10.linux64_1.0.100.202210260954/tools/bin/../lib/gcc/arm-none-eabi/10.3.1/../../../../arm-none-eabi/lib/thumb/v7e-m+fp/hard/libc_nano.a(lib_a-errno.o)
                              ./Core/Src/syscalls.o (__errno)
/opt/st/stm32cubeide_1.11.2/plugins/com.st.stm32cube.ide.mcu.externaltools.gnu-tools-for-stm32.10.3-2021.10.linux64_1.0.100.202210260954/tools/bin/../lib/gcc/arm-none-eabi/10.3.1/../../../../arm-none-eabi/lib/thumb/v7e-m+fp/hard/libc_nano.a(lib_a-exit.o)
                              /opt/st/stm32cubeide_1.11.2/plugins/com.st.stm32cube.ide.mcu.externaltools.gnu-tools-for-stm32.10.3-2021.10.linux64_1.0.100.202210260954/tools/bin/../lib/gcc/arm-none-eabi/10.3.1/../../../../arm-none-eabi/lib/thumb/v7e-m+fp/hard/crt0.o (exit)
/opt/st/stm32cubeide_1.11.2/plugins/com.st.stm32cube.ide.mcu.externaltools.gnu-tools-for-stm32.10.3-2021.10.linux64_1.0.100.202210260954/tools/bin/../lib/gcc/arm-none-eabi/10.3.1/../../../../arm-none-eabi/lib/thumb/v7e-m+fp/hard/libc_nano.a(lib_a-impure.o)
                              /opt/st/stm32cubeide_1.11.2/plugins/com.st.stm32cube.ide.mcu.externaltools.gnu-tools-for-stm32.10.3-2021.10.linux64_1.0.100.202210260954/tools/bin/../lib/gcc/arm-none-eabi/10.3.1/../../../../arm-none-eabi/lib/thumb/v7e-m+fp/hard/libc_nano.a(lib_a-exit.o) (_global_impure_ptr)
/opt/st/stm32cubeide_1.11.2/plugins/com.st.stm32cube.ide.mcu.externaltools.gnu-tools-for-stm32.10.3-2021.10.linux64_1.0.100.202210260954/tools/bin/../lib/gcc/arm-none-eabi/10.3.1/../../../../arm-none-eabi/lib/thumb/v7e-m+fp/hard/libc_nano.a(lib_a-init.o)
                              /opt/st/stm32cubeide_1.11.2/plugins/com.st.stm32cube.ide.mcu.externaltools.gnu-tools-for-stm32.10.3-2021.10.linux64_1.0.100.202210260954/tools/bin/../lib/gcc/arm-none-eabi/10.3.1/../../../../arm-none-eabi/lib/thumb/v7e-m+fp/hard/crt0.o (__libc_init_array)
/opt/st/stm32cubeide_1.11.2/plugins/com.st.stm32cube.ide.mcu.externaltools.gnu-tools-for-stm32.10.3-2021.10.linux64_1.0.100.202210260954/tools/bin/../lib/gcc/arm-none-eabi/10.3.1/../../../../arm-none-eabi/lib/thumb/v7e-m+fp/hard/libc_nano.a(lib_a-memset.o)
                              /opt/st/stm32cubeide_1.11.2/plugins/com.st.stm32cube.ide.mcu.externaltools.gnu-tools-for-stm32.10.3-2021.10.linux64_1.0.100.202210260954/tools/bin/../lib/gcc/arm-none-eabi/10.3.1/../../../../arm-none-eabi/lib/thumb/v7e-m+fp/hard/crt0.o (memset)
/opt/st/stm32cubeide_1.11.2/plugins/com.st.stm32cube.ide.mcu.externaltools.gnu-tools-for-stm32.10.3-2021.10.linux64_1.0.100.202210260954/tools/bin/../lib/gcc/arm-none-eabi/10.3.1/thumb/v7e-m+fp/hard/libgcc.a(_arm_muldf3.o)
                              ./Core/Src/7seg.o (__aeabi_dmul)
/opt/st/stm32cubeide_1.11.2/plugins/com.st.stm32cube.ide.mcu.externaltools.gnu-tools-for-stm32.10.3-2021.10.linux64_1.0.100.202210260954/tools/bin/../lib/gcc/arm-none-eabi/10.3.1/thumb/v7e-m+fp/hard/libgcc.a(_arm_addsubdf3.o)
                              ./Core/Src/keypad.o (__aeabi_i2d)
/opt/st/stm32cubeide_1.11.2/plugins/com.st.stm32cube.ide.mcu.externaltools.gnu-tools-for-stm32.10.3-2021.10.linux64_1.0.100.202210260954/tools/bin/../lib/gcc/arm-none-eabi/10.3.1/thumb/v7e-m+fp/hard/libgcc.a(_arm_cmpdf2.o)
                              ./Core/Src/keypad.o (__aeabi_dcmpgt)
/opt/st/stm32cubeide_1.11.2/plugins/com.st.stm32cube.ide.mcu.externaltools.gnu-tools-for-stm32.10.3-2021.10.linux64_1.0.100.202210260954/tools/bin/../lib/gcc/arm-none-eabi/10.3.1/thumb/v7e-m+fp/hard/libgcc.a(_arm_fixdfsi.o)
                              ./Core/Src/7seg.o (__aeabi_d2iz)
/opt/st/stm32cubeide_1.11.2/plugins/com.st.stm32cube.ide.mcu.externaltools.gnu-tools-for-stm32.10.3-2021.10.linux64_1.0.100.202210260954/tools/bin/../lib/gcc/arm-none-eabi/10.3.1/thumb/v7e-m+fp/hard/libgcc.a(_aeabi_uldivmod.o)
                              ./Drivers/STM32L4xx_HAL_Driver/Src/stm32l4xx_hal_uart.o (__aeabi_uldivmod)
/opt/st/stm32cubeide_1.11.2/plugins/com.st.stm32cube.ide.mcu.externaltools.gnu-tools-for-stm32.10.3-2021.10.linux64_1.0.100.202210260954/tools/bin/../lib/gcc/arm-none-eabi/10.3.1/thumb/v7e-m+fp/hard/libgcc.a(_udivmoddi4.o)
                              /opt/st/stm32cubeide_1.11.2/plugins/com.st.stm32cube.ide.mcu.externaltools.gnu-tools-for-stm32.10.3-2021.10.linux64_1.0.100.202210260954/tools/bin/../lib/gcc/arm-none-eabi/10.3.1/thumb/v7e-m+fp/hard/libgcc.a(_aeabi_uldivmod.o) (__udivmoddi4)
/opt/st/stm32cubeide_1.11.2/plugins/com.st.stm32cube.ide.mcu.externaltools.gnu-tools-for-stm32.10.3-2021.10.linux64_1.0.100.202210260954/tools/bin/../lib/gcc/arm-none-eabi/10.3.1/thumb/v7e-m+fp/hard/libgcc.a(_dvmd_tls.o)
[...]
Memory Configuration

Name             Origin             Length             Attributes
RAM              0x0000000020000000 0x0000000000018000 xrw
RAM2             0x0000000010000000 0x0000000000008000 xrw
FLASH            0x0000000008000000 0x0000000000100000 xr
*default*        0x0000000000000000 0xffffffffffffffff

Linker script and memory map

LOAD /opt/st/stm32cubeide_1.11.2/plugins/com.st.stm32cube.ide.mcu.externaltools.gnu-tools-for-stm32.10.3-2021.10.linux64_1.0.100.202210260954/tools/bin/../lib/gcc/arm-none-eabi/10.3.1/thumb/v7e-m+fp/hard/crti.o
LOAD /opt/st/stm32cubeide_1.11.2/plugins/com.st.stm32cube.ide.mcu.externaltools.gnu-tools-for-stm32.10.3-2021.10.linux64_1.0.100.202210260954/tools/bin/../lib/gcc/arm-none-eabi/10.3.1/thumb/v7e-m+fp/hard/crtbegin.o
LOAD /opt/st/stm32cubeide_1.11.2/plugins/com.st.stm32cube.ide.mcu.externaltools.gnu-tools-for-stm32.10.3-2021.10.linux64_1.0.100.202210260954/tools/bin/../lib/gcc/arm-none-eabi/10.3.1/../../../../arm-none-eabi/lib/thumb/v7e-m+fp/hard/crt0.o
LOAD ./Core/Src/7seg.o
LOAD ./Core/Src/helper_functions.o
LOAD ./Core/Src/keypad.o
LOAD ./Core/Src/led_button.o
LOAD ./Core/Src/main.o
LOAD ./Core/Src/stm32l4xx_hal_msp.o
LOAD ./Core/Src/stm32l4xx_it.o
LOAD ./Core/Src/syscalls.o
LOAD ./Core/Src/sysmem.o
LOAD ./Core/Src/system_stm32l4xx.o
LOAD ./Core/Src/timer.o
LOAD ./Core/Startup/startup_stm32l476rgtx.o
LOAD ./Drivers/STM32L4xx_HAL_Driver/Src/stm32l4xx_hal.o
LOAD ./Drivers/STM32L4xx_HAL_Driver/Src/stm32l4xx_hal_cortex.o
LOAD ./Drivers/STM32L4xx_HAL_Driver/Src/stm32l4xx_hal_dma.o
LOAD ./Drivers/STM32L4xx_HAL_Driver/Src/stm32l4xx_hal_dma_ex.o
LOAD ./Drivers/STM32L4xx_HAL_Driver/Src/stm32l4xx_hal_exti.o
LOAD ./Drivers/STM32L4xx_HAL_Driver/Src/stm32l4xx_hal_flash.o
LOAD ./Drivers/STM32L4xx_HAL_Driver/Src/stm32l4xx_hal_flash_ex.o
LOAD ./Drivers/STM32L4xx_HAL_Driver/Src/stm32l4xx_hal_flash_ramfunc.o
LOAD ./Drivers/STM32L4xx_HAL_Driver/Src/stm32l4xx_hal_gpio.o
LOAD ./Drivers/STM32L4xx_HAL_Driver/Src/stm32l4xx_hal_i2c.o
LOAD ./Drivers/STM32L4xx_HAL_Driver/Src/stm32l4xx_hal_i2c_ex.o
LOAD ./Drivers/STM32L4xx_HAL_Driver/Src/stm32l4xx_hal_pwr.o
LOAD ./Drivers/STM32L4xx_HAL_Driver/Src/stm32l4xx_hal_pwr_ex.o
LOAD ./Drivers/STM32L4xx_HAL_Driver/Src/stm32l4xx_hal_rcc.o
LOAD ./Drivers/STM32L4xx_HAL_Driver/Src/stm32l4xx_hal_rcc_ex.o
LOAD ./Drivers/STM32L4xx_HAL_Driver/Src/stm32l4xx_hal_tim.o
LOAD ./Drivers/STM32L4xx_HAL_Driver/Src/stm32l4xx_hal_tim_ex.o
LOAD ./Drivers/STM32L4xx_HAL_Driver/Src/stm32l4xx_hal_uart.o
LOAD ./Drivers/STM32L4xx_HAL_Driver/Src/stm32l4xx_hal_uart_ex.o
START GROUP
LOAD /opt/st/stm32cubeide_1.11.2/plugins/com.st.stm32cube.ide.mcu.externaltools.gnu-tools-for-stm32.10.3-2021.10.linux64_1.0.100.202210260954/tools/bin/../lib/gcc/arm-none-eabi/10.3.1/../../../../arm-none-eabi/lib/thumb/v7e-m+fp/hard/libc_nano.a
LOAD /opt/st/stm32cubeide_1.11.2/plugins/com.st.stm32cube.ide.mcu.externaltools.gnu-tools-for-stm32.10.3-2021.10.linux64_1.0.100.202210260954/tools/bin/../lib/gcc/arm-none-eabi/10.3.1/../../../../arm-none-eabi/lib/thumb/v7e-m+fp/hard/libm.a
END GROUP
START GROUP
LOAD /opt/st/stm32cubeide_1.11.2/plugins/com.st.stm32cube.ide.mcu.externaltools.gnu-tools-for-stm32.10.3-2021.10.linux64_1.0.100.202210260954/tools/bin/../lib/gcc/arm-none-eabi/10.3.1/thumb/v7e-m+fp/hard/libgcc.a
LOAD /opt/st/stm32cubeide_1.11.2/plugins/com.st.stm32cube.ide.mcu.externaltools.gnu-tools-for-stm32.10.3-2021.10.linux64_1.0.100.202210260954/tools/bin/../lib/gcc/arm-none-eabi/10.3.1/../../../../arm-none-eabi/lib/thumb/v7e-m+fp/hard/libc_nano.a
END GROUP
START GROUP
LOAD /opt/st/stm32cubeide_1.11.2/plugins/com.st.stm32cube.ide.mcu.externaltools.gnu-tools-for-stm32.10.3-2021.10.linux64_1.0.100.202210260954/tools/bin/../lib/gcc/arm-none-eabi/10.3.1/thumb/v7e-m+fp/hard/libgcc.a
LOAD /opt/st/stm32cubeide_1.11.2/plugins/com.st.stm32cube.ide.mcu.externaltools.gnu-tools-for-stm32.10.3-2021.10.linux64_1.0.100.202210260954/tools/bin/../lib/gcc/arm-none-eabi/10.3.1/../../../../arm-none-eabi/lib/thumb/v7e-m+fp/hard/libc_nano.a
LOAD /opt/st/stm32cubeide_1.11.2/plugins/com.st.stm32cube.ide.mcu.externaltools.gnu-tools-for-stm32.10.3-2021.10.linux64_1.0.100.202210260954/tools/bin/../lib/gcc/arm-none-eabi/10.3.1/../../../../arm-none-eabi/lib/thumb/v7e-m+fp/hard/libnosys.a
END GROUP
START GROUP
LOAD /opt/st/stm32cubeide_1.11.2/plugins/com.st.stm32cube.ide.mcu.externaltools.gnu-tools-for-stm32.10.3-2021.10.linux64_1.0.100.202210260954/tools/bin/../lib/gcc/arm-none-eabi/10.3.1/thumb/v7e-m+fp/hard/libgcc.a
LOAD /opt/st/stm32cubeide_1.11.2/plugins/com.st.stm32cube.ide.mcu.externaltools.gnu-tools-for-stm32.10.3-2021.10.linux64_1.0.100.202210260954/tools/bin/../lib/gcc/arm-none-eabi/10.3.1/../../../../arm-none-eabi/lib/thumb/v7e-m+fp/hard/libc_nano.a
LOAD /opt/st/stm32cubeide_1.11.2/plugins/com.st.stm32cube.ide.mcu.externaltools.gnu-tools-for-stm32.10.3-2021.10.linux64_1.0.100.202210260954/tools/bin/../lib/gcc/arm-none-eabi/10.3.1/../../../../arm-none-eabi/lib/thumb/v7e-m+fp/hard/libnosys.a
END GROUP
LOAD /opt/st/stm32cubeide_1.11.2/plugins/com.st.stm32cube.ide.mcu.externaltools.gnu-tools-for-stm32.10.3-2021.10.linux64_1.0.100.202210260954/tools/bin/../lib/gcc/arm-none-eabi/10.3.1/thumb/v7e-m+fp/hard/crtend.o
LOAD /opt/st/stm32cubeide_1.11.2/plugins/com.st.stm32cube.ide.mcu.externaltools.gnu-tools-for-stm32.10.3-2021.10.linux64_1.0.100.202210260954/tools/bin/../lib/gcc/arm-none-eabi/10.3.1/thumb/v7e-m+fp/hard/crtn.o
                0x0000000020018000                _estack = (ORIGIN (RAM) + LENGTH (RAM))
                0x0000000000000200                _Min_Heap_Size = 0x200
                0x0000000000000400                _Min_Stack_Size = 0x400

.isr_vector     0x0000000008000000      0x188
                0x0000000008000000                . = ALIGN (0x4)
 *(.isr_vector)
 .isr_vector    0x0000000008000000      0x188 ./Core/Startup/startup_stm32l476rgtx.o
                0x0000000008000000                g_pfnVectors
                0x0000000008000188                . = ALIGN (0x4)

.text           0x0000000008000188      0x990
                0x0000000008000188                . = ALIGN (0x4)
 *(.text)
 .text          0x0000000008000188       0x40 /opt/st/stm32cubeide_1.11.2/plugins/com.st.stm32cube.ide.mcu.externaltools.gnu-tools-for-stm32.10.3-2021.10.linux64_1.0.100.202210260954/tools/bin/../lib/gcc/arm-none-eabi/10.3.1/thumb/v7e-m+fp/hard/crtbegin.o
 *(.text*)
 .text.init_7seg
                0x00000000080001c8      0x100 ./Core/Src/7seg.o
                0x00000000080001c8                init_7seg
 .text.send_7seg
                0x00000000080002c8       0x96 ./Core/Src/7seg.o
                0x00000000080002c8                send_7seg
 .text.init_7seg_number
                0x000000000800035e       0x92 ./Core/Src/7seg.o
                0x000000000800035e                init_7seg_number
 .text.display_number
                0x00000000080003f0       0xb0 ./Core/Src/7seg.o
                0x00000000080003f0                display_number
 .text.display_fraction
                0x00000000080004a0      0x1dc ./Core/Src/7seg.o
                0x00000000080004a0                display_fraction
 .text.SevenSeg__init
                0x000000000800067c       0x3a ./Core/Src/7seg.o
                0x000000000800067c                SevenSeg__init
 .text.SevenSeg__printFraction
                0x00000000080006b6       0x3c ./Core/Src/7seg.o
                0x00000000080006b6                SevenSeg__printFraction
 .text.set_gpio
                0x00000000080006f2       0x28 ./Core/Src/helper_functions.o
                0x00000000080006f2                set_gpio
 .text.reset_gpio
                0x000000000800071a       0x28 ./Core/Src/helper_functions.o
                0x000000000800071a                reset_gpio
 *fill*         0x0000000008000742        0x2 
 .text.FPU_init
                0x0000000008000744       0x30 ./Core/Src/helper_functions.o
                0x0000000008000744                FPU_init
 .text.num_digits
                0x0000000008000774       0x48 ./Core/Src/helper_functions.o
                0x0000000008000774                num_digits
 .text.main     0x00000000080007bc       0x64 ./Core/Src/main.o
                0x00000000080007bc                main
 .text.NMI_Handler
                0x0000000008000820        0x6 ./Core/Src/stm32l4xx_it.o
                0x0000000008000820                NMI_Handler
 .text.HardFault_Handler
                0x0000000008000826        0x6 ./Core/Src/stm32l4xx_it.o
                0x0000000008000826                HardFault_Handler
 .text.MemManage_Handler
                0x000000000800082c        0x6 ./Core/Src/stm32l4xx_it.o
                0x000000000800082c                MemManage_Handler
 .text.BusFault_Handler
                0x0000000008000832        0x6 ./Core/Src/stm32l4xx_it.o
                0x0000000008000832                BusFault_Handler
 .text.UsageFault_Handler
                0x0000000008000838        0x6 ./Core/Src/stm32l4xx_it.o
                0x0000000008000838                UsageFault_Handler
 .text.SVC_Handler
                0x000000000800083e        0xe ./Core/Src/stm32l4xx_it.o
                0x000000000800083e                SVC_Handler
 .text.DebugMon_Handler
                0x000000000800084c        0xe ./Core/Src/stm32l4xx_it.o
                0x000000000800084c                DebugMon_Handler
 .text.PendSV_Handler
                0x000000000800085a        0xe ./Core/Src/stm32l4xx_it.o
                0x000000000800085a                PendSV_Handler
 .text.SysTick_Handler
                0x0000000008000868        0xc ./Core/Src/stm32l4xx_it.o
                0x0000000008000868                SysTick_Handler
 .text.SystemInit
                0x0000000008000874       0x24 ./Core/Src/system_stm32l4xx.o
                0x0000000008000874                SystemInit
 .text.timer_enable
                0x0000000008000898       0x48 ./Core/Src/timer.o
                0x0000000008000898                timer_enable
 .text.timer_init
                0x00000000080008e0       0x38 ./Core/Src/timer.o
                0x00000000080008e0                timer_init
 .text.timer_start
                0x0000000008000918       0x20 ./Core/Src/timer.o
                0x0000000008000918                timer_start
 .text.Timer__init
                0x0000000008000938       0x3a ./Core/Src/timer.o
                0x0000000008000938                Timer__init
 .text.Timer__get_msecs
                0x0000000008000972       0x1a ./Core/Src/timer.o
                0x0000000008000972                Timer__get_msecs
 .text.Timer__refresh
                0x000000000800098c       0xb0 ./Core/Src/timer.o
                0x000000000800098c                Timer__refresh
 .text.Reset_Handler
                0x0000000008000a3c       0x50 ./Core/Startup/startup_stm32l476rgtx.o
                0x0000000008000a3c                Reset_Handler
 .text.Default_Handler
                0x0000000008000a8c        0x2 ./Core/Startup/startup_stm32l476rgtx.o
                0x0000000008000a8c                RTC_Alarm_IRQHandler
                0x0000000008000a8c                EXTI2_IRQHandler
                0x0000000008000a8c                TIM8_TRG_COM_IRQHandler
                0x0000000008000a8c                TIM8_CC_IRQHandler
                0x0000000008000a8c                TIM1_CC_IRQHandler
                0x0000000008000a8c                TSC_IRQHandler
                0x0000000008000a8c                TAMP_STAMP_IRQHandler
                0x0000000008000a8c                EXTI3_IRQHandler
                0x0000000008000a8c                LPTIM2_IRQHandler
                0x0000000008000a8c                DFSDM1_FLT1_IRQHandler
                0x0000000008000a8c                I2C3_ER_IRQHandler
                0x0000000008000a8c                DFSDM1_FLT2_IRQHandler
                0x0000000008000a8c                EXTI0_IRQHandler
                0x0000000008000a8c                I2C2_EV_IRQHandler
                0x0000000008000a8c                CAN1_RX0_IRQHandler
                0x0000000008000a8c                FPU_IRQHandler
                0x0000000008000a8c                TIM1_UP_TIM16_IRQHandler
                0x0000000008000a8c                ADC1_2_IRQHandler
                0x0000000008000a8c                SPI1_IRQHandler
                0x0000000008000a8c                TIM6_DAC_IRQHandler
                0x0000000008000a8c                TIM8_UP_IRQHandler
                0x0000000008000a8c                DMA2_Channel2_IRQHandler
                0x0000000008000a8c                DMA1_Channel4_IRQHandler
                0x0000000008000a8c                SAI2_IRQHandler
                0x0000000008000a8c                DFSDM1_FLT3_IRQHandler
                0x0000000008000a8c                USART3_IRQHandler
                0x0000000008000a8c                DMA1_Channel7_IRQHandler
                0x0000000008000a8c                CAN1_RX1_IRQHandler
                0x0000000008000a8c                LCD_IRQHandler
                0x0000000008000a8c                UART5_IRQHandler
                0x0000000008000a8c                ADC3_IRQHandler
                0x0000000008000a8c                TIM4_IRQHandler
                0x0000000008000a8c                DMA2_Channel1_IRQHandler
                0x0000000008000a8c                QUADSPI_IRQHandler
                0x0000000008000a8c                I2C1_EV_IRQHandler
                0x0000000008000a8c                DMA1_Channel6_IRQHandler
                0x0000000008000a8c                UART4_IRQHandler
                0x0000000008000a8c                DMA2_Channel4_IRQHandler
                0x0000000008000a8c                TIM3_IRQHandler
                0x0000000008000a8c                RCC_IRQHandler
                0x0000000008000a8c                DMA1_Channel1_IRQHandler
                0x0000000008000a8c                Default_Handler
                0x0000000008000a8c                DMA2_Channel7_IRQHandler
                0x0000000008000a8c                EXTI15_10_IRQHandler
                0x0000000008000a8c                TIM7_IRQHandler
                0x0000000008000a8c                SDMMC1_IRQHandler
                0x0000000008000a8c                TIM5_IRQHandler
                0x0000000008000a8c                I2C3_EV_IRQHandler
                0x0000000008000a8c                EXTI9_5_IRQHandler
                0x0000000008000a8c                RTC_WKUP_IRQHandler
                0x0000000008000a8c                PVD_PVM_IRQHandler
                0x0000000008000a8c                SPI2_IRQHandler
                0x0000000008000a8c                CAN1_TX_IRQHandler
                0x0000000008000a8c                DMA2_Channel5_IRQHandler
                0x0000000008000a8c                DMA1_Channel5_IRQHandler
                0x0000000008000a8c                EXTI4_IRQHandler
                0x0000000008000a8c                RNG_IRQHandler
                0x0000000008000a8c                TIM1_TRG_COM_TIM17_IRQHandler
                0x0000000008000a8c                DMA1_Channel3_IRQHandler
                0x0000000008000a8c                COMP_IRQHandler
                0x0000000008000a8c                WWDG_IRQHandler
                0x0000000008000a8c                LPUART1_IRQHandler
                0x0000000008000a8c                DMA2_Channel6_IRQHandler
                0x0000000008000a8c                TIM2_IRQHandler
                0x0000000008000a8c                EXTI1_IRQHandler
                0x0000000008000a8c                USART2_IRQHandler
                0x0000000008000a8c                DFSDM1_FLT0_IRQHandler
                0x0000000008000a8c                I2C2_ER_IRQHandler
                0x0000000008000a8c                DMA1_Channel2_IRQHandler
                0x0000000008000a8c                TIM8_BRK_IRQHandler
                0x0000000008000a8c                CAN1_SCE_IRQHandler
                0x0000000008000a8c                FLASH_IRQHandler
                0x0000000008000a8c                USART1_IRQHandler
                0x0000000008000a8c                OTG_FS_IRQHandler
                0x0000000008000a8c                SPI3_IRQHandler
                0x0000000008000a8c                I2C1_ER_IRQHandler
                0x0000000008000a8c                FMC_IRQHandler
                0x0000000008000a8c                SWPMI1_IRQHandler
                0x0000000008000a8c                LPTIM1_IRQHandler
                0x0000000008000a8c                SAI1_IRQHandler
                0x0000000008000a8c                DMA2_Channel3_IRQHandler
                0x0000000008000a8c                TIM1_BRK_TIM15_IRQHandler
 *fill*         0x0000000008000a8e        0x2 
 .text.HAL_IncTick
                0x0000000008000a90       0x28 ./Drivers/STM32L4xx_HAL_Driver/Src/stm32l4xx_hal.o
                0x0000000008000a90                HAL_IncTick
 .text.__libc_init_array
                0x0000000008000ab8       0x48 /opt/st/stm32cubeide_1.11.2/plugins/com.st.stm32cube.ide.mcu.externaltools.gnu-tools-for-stm32.10.3-2021.10.linux64_1.0.100.202210260954/tools/bin/../lib/gcc/arm-none-eabi/10.3.1/../../../../arm-none-eabi/lib/thumb/v7e-m+fp/hard/libc_nano.a(lib_a-init.o)
                0x0000000008000ab8                __libc_init_array
 *(.glue_7)
 .glue_7        0x0000000008000b00        0x0 linker stubs
 *(.glue_7t)
 .glue_7t       0x0000000008000b00        0x0 linker stubs
 *(.eh_frame)
 .eh_frame      0x0000000008000b00        0x0 /opt/st/stm32cubeide_1.11.2/plugins/com.st.stm32cube.ide.mcu.externaltools.gnu-tools-for-stm32.10.3-2021.10.linux64_1.0.100.202210260954/tools/bin/../lib/gcc/arm-none-eabi/10.3.1/thumb/v7e-m+fp/hard/crtbegin.o
 *(.init)
 .init          0x0000000008000b00        0x4 /opt/st/stm32cubeide_1.11.2/plugins/com.st.stm32cube.ide.mcu.externaltools.gnu-tools-for-stm32.10.3-2021.10.linux64_1.0.100.202210260954/tools/bin/../lib/gcc/arm-none-eabi/10.3.1/thumb/v7e-m+fp/hard/crti.o
                0x0000000008000b00                _init
 .init          0x0000000008000b04        0x8 /opt/st/stm32cubeide_1.11.2/plugins/com.st.stm32cube.ide.mcu.externaltools.gnu-tools-for-stm32.10.3-2021.10.linux64_1.0.100.202210260954/tools/bin/../lib/gcc/arm-none-eabi/10.3.1/thumb/v7e-m+fp/hard/crtn.o
 *(.fini)
 .fini          0x0000000008000b0c        0x4 /opt/st/stm32cubeide_1.11.2/plugins/com.st.stm32cube.ide.mcu.externaltools.gnu-tools-for-stm32.10.3-2021.10.linux64_1.0.100.202210260954/tools/bin/../lib/gcc/arm-none-eabi/10.3.1/thumb/v7e-m+fp/hard/crti.o
                0x0000000008000b0c                _fini
 .fini          0x0000000008000b10        0x8 /opt/st/stm32cubeide_1.11.2/plugins/com.st.stm32cube.ide.mcu.externaltools.gnu-tools-for-stm32.10.3-2021.10.linux64_1.0.100.202210260954/tools/bin/../lib/gcc/arm-none-eabi/10.3.1/thumb/v7e-m+fp/hard/crtn.o
                0x0000000008000b18                . = ALIGN (0x4)
                0x0000000008000b18                _etext = .

.vfp11_veneer   0x0000000008000b18        0x0
 .vfp11_veneer  0x0000000008000b18        0x0 linker stubs

.v4_bx          0x0000000008000b18        0x0
 .v4_bx         0x0000000008000b18        0x0 linker stubs

.iplt           0x0000000008000b18        0x0
 .iplt          0x0000000008000b18        0x0 /opt/st/stm32cubeide_1.11.2/plugins/com.st.stm32cube.ide.mcu.externaltools.gnu-tools-for-stm32.10.3-2021.10.linux64_1.0.100.202210260954/tools/bin/../lib/gcc/arm-none-eabi/10.3.1/thumb/v7e-m+fp/hard/crtbegin.o

.rel.dyn        0x0000000008000b18        0x0
 .rel.iplt      0x0000000008000b18        0x0 /opt/st/stm32cubeide_1.11.2/plugins/com.st.stm32cube.ide.mcu.externaltools.gnu-tools-for-stm32.10.3-2021.10.linux64_1.0.100.202210260954/tools/bin/../lib/gcc/arm-none-eabi/10.3.1/thumb/v7e-m+fp/hard/crtbegin.o

.rodata         0x0000000008000b18        0x0
                0x0000000008000b18                . = ALIGN (0x4)
 *(.rodata)
 *(.rodata*)
                0x0000000008000b18                . = ALIGN (0x4)

.ARM.extab      0x0000000008000b18        0x0
                0x0000000008000b18                . = ALIGN (0x4)
 *(.ARM.extab* .gnu.linkonce.armextab.*)
                0x0000000008000b18                . = ALIGN (0x4)

.ARM            0x0000000008000b18        0x0
                0x0000000008000b18                . = ALIGN (0x4)
                0x0000000008000b18                __exidx_start = .
 *(.ARM.exidx*)
                0x0000000008000b18                __exidx_end = .
                0x0000000008000b18                . = ALIGN (0x4)

.preinit_array  0x0000000008000b18        0x0
                0x0000000008000b18                . = ALIGN (0x4)
                0x0000000008000b18                PROVIDE (__preinit_array_start = .)
 *(.preinit_array*)
                0x0000000008000b18                PROVIDE (__preinit_array_end = .)
                0x0000000008000b18                . = ALIGN (0x4)

.init_array     0x0000000008000b18        0x4
                0x0000000008000b18                . = ALIGN (0x4)
                0x0000000008000b18                PROVIDE (__init_array_start = .)
 *(SORT_BY_NAME(.init_array.*))
 *(.init_array*)
 .init_array    0x0000000008000b18        0x4 /opt/st/stm32cubeide_1.11.2/plugins/com.st.stm32cube.ide.mcu.externaltools.gnu-tools-for-stm32.10.3-2021.10.linux64_1.0.100.202210260954/tools/bin/../lib/gcc/arm-none-eabi/10.3.1/thumb/v7e-m+fp/hard/crtbegin.o
                0x0000000008000b1c                PROVIDE (__init_array_end = .)
                0x0000000008000b1c                . = ALIGN (0x4)

.fini_array     0x0000000008000b1c        0x4
                0x0000000008000b1c                . = ALIGN (0x4)
                [!provide]                        PROVIDE (__fini_array_start = .)
 *(SORT_BY_NAME(.fini_array.*))
 *(.fini_array*)
 .fini_array    0x0000000008000b1c        0x4 /opt/st/stm32cubeide_1.11.2/plugins/com.st.stm32cube.ide.mcu.externaltools.gnu-tools-for-stm32.10.3-2021.10.linux64_1.0.100.202210260954/tools/bin/../lib/gcc/arm-none-eabi/10.3.1/thumb/v7e-m+fp/hard/crtbegin.o
                [!provide]                        PROVIDE (__fini_array_end = .)
                0x0000000008000b20                . = ALIGN (0x4)
                0x0000000008000b20                _sidata = LOADADDR (.data)

.data           0x0000000020000000        0x4 load address 0x0000000008000b20
                0x0000000020000000                . = ALIGN (0x4)
                0x0000000020000000                _sdata = .
 *(.data)
 *(.data*)
 .data.uwTickFreq
                0x0000000020000000        0x1 ./Drivers/STM32L4xx_HAL_Driver/Src/stm32l4xx_hal.o
                0x0000000020000000                uwTickFreq
 *(.RamFunc)
 *(.RamFunc*)
                0x0000000020000004                . = ALIGN (0x4)
 *fill*         0x0000000020000001        0x3 
                0x0000000020000004                _edata = .

.igot.plt       0x0000000020000004        0x0 load address 0x0000000008000b24
 .igot.plt      0x0000000020000004        0x0 /opt/st/stm32cubeide_1.11.2/plugins/com.st.stm32cube.ide.mcu.externaltools.gnu-tools-for-stm32.10.3-2021.10.linux64_1.0.100.202210260954/tools/bin/../lib/gcc/arm-none-eabi/10.3.1/thumb/v7e-m+fp/hard/crtbegin.o
                0x0000000020000004                . = ALIGN (0x4)

.bss            0x0000000020000004       0x20 load address 0x0000000008000b24
                0x0000000020000004                _sbss = .
                0x0000000020000004                __bss_start__ = _sbss
 *(.bss)
 .bss           0x0000000020000004       0x1c /opt/st/stm32cubeide_1.11.2/plugins/com.st.stm32cube.ide.mcu.externaltools.gnu-tools-for-stm32.10.3-2021.10.linux64_1.0.100.202210260954/tools/bin/../lib/gcc/arm-none-eabi/10.3.1/thumb/v7e-m+fp/hard/crtbegin.o
 *(.bss*)
 .bss.uwTick    0x0000000020000020        0x4 ./Drivers/STM32L4xx_HAL_Driver/Src/stm32l4xx_hal.o
                0x0000000020000020                uwTick
 *(COMMON)
                0x0000000020000024                . = ALIGN (0x4)
                0x0000000020000024                _ebss = .
                0x0000000020000024                __bss_end__ = _ebss

._user_heap_stack
                0x0000000020000024      0x604 load address 0x0000000008000b24
                0x0000000020000028                . = ALIGN (0x8)
 *fill*         0x0000000020000024        0x4 
                [!provide]                        PROVIDE (end = .)
                0x0000000020000028                PROVIDE (_end = .)
                0x0000000020000228                . = (. + _Min_Heap_Size)
 *fill*         0x0000000020000028      0x200 
                0x0000000020000628                . = (. + _Min_Stack_Size)
 *fill*         0x0000000020000228      0x400 
                0x0000000020000628                . = ALIGN (0x8)

/DISCARD/
 libc.a(*)
 libm.a(*)
 libgcc.a(*)

.ARM.attributes
                0x0000000000000000       0x30
 *(.ARM.attributes)
 .ARM.attributes
                0x0000000000000000       0x1e /opt/st/stm32cubeide_1.11.2/plugins/com.st.stm32cube.ide.mcu.externaltools.gnu-tools-for-stm32.10.3-2021.10.linux64_1.0.100.202210260954/tools/bin/../lib/gcc/arm-none-eabi/10.3.1/thumb/v7e-m+fp/hard/crti.o
 .ARM.attributes
                0x000000000000001e       0x34 /opt/st/stm32cubeide_1.11.2/plugins/com.st.stm32cube.ide.mcu.externaltools.gnu-tools-for-stm32.10.3-2021.10.linux64_1.0.100.202210260954/tools/bin/../lib/gcc/arm-none-eabi/10.3.1/thumb/v7e-m+fp/hard/crtbegin.o
 .ARM.attributes
                0x0000000000000052       0x34 ./Core/Src/7seg.o
 .ARM.attributes
                0x0000000000000086       0x34 ./Core/Src/helper_functions.o
 .ARM.attributes
                0x00000000000000ba       0x34 ./Core/Src/main.o
 .ARM.attributes
                0x00000000000000ee       0x34 ./Core/Src/stm32l4xx_it.o
 .ARM.attributes
                0x0000000000000122       0x34 ./Core/Src/system_stm32l4xx.o
 .ARM.attributes
                0x0000000000000156       0x34 ./Core/Src/timer.o
 .ARM.attributes
                0x000000000000018a       0x21 ./Core/Startup/startup_stm32l476rgtx.o
 .ARM.attributes
                0x00000000000001ab       0x34 ./Drivers/STM32L4xx_HAL_Driver/Src/stm32l4xx_hal.o
 .ARM.attributes
                0x00000000000001df       0x34 /opt/st/stm32cubeide_1.11.2/plugins/com.st.stm32cube.ide.mcu.externaltools.gnu-tools-for-stm32.10.3-2021.10.linux64_1.0.100.202210260954/tools/bin/../lib/gcc/arm-none-eabi/10.3.1/../../../../arm-none-eabi/lib/thumb/v7e-m+fp/hard/libc_nano.a(lib_a-init.o)
 .ARM.attributes
                0x0000000000000213       0x1e /opt/st/stm32cubeide_1.11.2/plugins/com.st.stm32cube.ide.mcu.externaltools.gnu-tools-for-stm32.10.3-2021.10.linux64_1.0.100.202210260954/tools/bin/../lib/gcc/arm-none-eabi/10.3.1/thumb/v7e-m+fp/hard/crtn.o
OUTPUT(lab5.elf elf32-littlearm)
LOAD linker stubs
LOAD /opt/st/stm32cubeide_1.11.2/plugins/com.st.stm32cube.ide.mcu.externaltools.gnu-tools-for-stm32.10.3-2021.10.linux64_1.0.100.202210260954/tools/bin/../lib/gcc/arm-none-eabi/10.3.1/../../../../arm-none-eabi/lib/thumb/v7e-m+fp/hard/libc.a
LOAD /opt/st/stm32cubeide_1.11.2/plugins/com.st.stm32cube.ide.mcu.externaltools.gnu-tools-for-stm32.10.3-2021.10.linux64_1.0.100.202210260954/tools/bin/../lib/gcc/arm-none-eabi/10.3.1/../../../../arm-none-eabi/lib/thumb/v7e-m+fp/hard/libm.a
LOAD /opt/st/stm32cubeide_1.11.2/plugins/com.st.stm32cube.ide.mcu.externaltools.gnu-tools-for-stm32.10.3-2021.10.linux64_1.0.100.202210260954/tools/bin/../lib/gcc/arm-none-eabi/10.3.1/thumb/v7e-m+fp/hard/libgcc.a

.debug_info     0x0000000000000000     0x2fd1
 .debug_info    0x0000000000000000      0xb9e ./Core/Src/7seg.o
 .debug_info    0x0000000000000b9e      0x52d ./Core/Src/helper_functions.o
 .debug_info    0x00000000000010cb      0x469 ./Core/Src/main.o
 .debug_info    0x0000000000001534      0x122 ./Core/Src/stm32l4xx_it.o
 .debug_info    0x0000000000001656      0x5c6 ./Core/Src/system_stm32l4xx.o
 .debug_info    0x0000000000001c1c      0x73c ./Core/Src/timer.o
 .debug_info    0x0000000000002358       0x22 ./Core/Startup/startup_stm32l476rgtx.o
 .debug_info    0x000000000000237a      0xc57 ./Drivers/STM32L4xx_HAL_Driver/Src/stm32l4xx_hal.o

.debug_abbrev   0x0000000000000000      0xa9f
 .debug_abbrev  0x0000000000000000      0x236 ./Core/Src/7seg.o
 .debug_abbrev  0x0000000000000236      0x1b7 ./Core/Src/helper_functions.o
 .debug_abbrev  0x00000000000003ed      0x161 ./Core/Src/main.o
 .debug_abbrev  0x000000000000054e       0x74 ./Core/Src/stm32l4xx_it.o
 .debug_abbrev  0x00000000000005c2      0x116 ./Core/Src/system_stm32l4xx.o
 .debug_abbrev  0x00000000000006d8      0x17b ./Core/Src/timer.o
 .debug_abbrev  0x0000000000000853       0x12 ./Core/Startup/startup_stm32l476rgtx.o
 .debug_abbrev  0x0000000000000865      0x23a ./Drivers/STM32L4xx_HAL_Driver/Src/stm32l4xx_hal.o

.debug_aranges  0x0000000000000000      0x360
 .debug_aranges
                0x0000000000000000       0x88 ./Core/Src/7seg.o
 .debug_aranges
                0x0000000000000088       0x60 ./Core/Src/helper_functions.o
 .debug_aranges
                0x00000000000000e8       0x20 ./Core/Src/main.o
 .debug_aranges
                0x0000000000000108       0x60 ./Core/Src/stm32l4xx_it.o
 .debug_aranges
                0x0000000000000168       0x28 ./Core/Src/system_stm32l4xx.o
 .debug_aranges
                0x0000000000000190       0x78 ./Core/Src/timer.o
 .debug_aranges
                0x0000000000000208       0x28 ./Core/Startup/startup_stm32l476rgtx.o
 .debug_aranges
                0x0000000000000230      0x130 ./Drivers/STM32L4xx_HAL_Driver/Src/stm32l4xx_hal.o

.debug_ranges   0x0000000000000000      0x2e8
 .debug_ranges  0x0000000000000000       0x78 ./Core/Src/7seg.o
 .debug_ranges  0x0000000000000078       0x50 ./Core/Src/helper_functions.o
 .debug_ranges  0x00000000000000c8       0x10 ./Core/Src/main.o
 .debug_ranges  0x00000000000000d8       0x50 ./Core/Src/stm32l4xx_it.o
 .debug_ranges  0x0000000000000128       0x18 ./Core/Src/system_stm32l4xx.o
 .debug_ranges  0x0000000000000140       0x68 ./Core/Src/timer.o
 .debug_ranges  0x00000000000001a8       0x20 ./Core/Startup/startup_stm32l476rgtx.o
 .debug_ranges  0x00000000000001c8      0x120 ./Drivers/STM32L4xx_HAL_Driver/Src/stm32l4xx_hal.o

.debug_macro    0x0000000000000000    0x1cad5
 .debug_macro   0x0000000000000000       0xc8 ./Core/Src/7seg.o
 .debug_macro   0x00000000000000c8      0xa78 ./Core/Src/7seg.o
 .debug_macro   0x0000000000000b40       0x28 ./Core/Src/7seg.o
 .debug_macro   0x0000000000000b68       0x22 ./Core/Src/7seg.o
 .debug_macro   0x0000000000000b8a       0x8e ./Core/Src/7seg.o
 .debug_macro   0x0000000000000c18       0x51 ./Core/Src/7seg.o
 .debug_macro   0x0000000000000c69      0x103 ./Core/Src/7seg.o
 .debug_macro   0x0000000000000d6c       0x6a ./Core/Src/7seg.o
 .debug_macro   0x0000000000000dd6      0x1df ./Core/Src/7seg.o
 .debug_macro   0x0000000000000fb5       0x35 ./Core/Src/7seg.o
 .debug_macro   0x0000000000000fea       0x50 ./Core/Src/7seg.o
 .debug_macro   0x000000000000103a      0xe66 ./Core/Src/7seg.o
 .debug_macro   0x0000000000001ea0    0x1a16e ./Core/Src/7seg.o
 .debug_macro   0x000000000001c00e      0x124 ./Core/Src/7seg.o
 .debug_macro   0x000000000001c132       0x10 ./Core/Src/7seg.o
 .debug_macro   0x000000000001c142       0xc0 ./Core/Src/helper_functions.o
 .debug_macro   0x000000000001c202      0x145 ./Core/Src/main.o
 .debug_macro   0x000000000001c347      0x12a ./Core/Src/main.o
 .debug_macro   0x000000000001c471      0x1da ./Core/Src/stm32l4xx_it.o
 .debug_macro   0x000000000001c64b      0x1c1 ./Core/Src/system_stm32l4xx.o
 .debug_macro   0x000000000001c80c       0xba ./Core/Src/timer.o
 .debug_macro   0x000000000001c8c6      0x20f ./Drivers/STM32L4xx_HAL_Driver/Src/stm32l4xx_hal.o

.debug_line     0x0000000000000000     0x329e
 .debug_line    0x0000000000000000      0x9d3 ./Core/Src/7seg.o
 .debug_line    0x00000000000009d3      0x521 ./Core/Src/helper_functions.o
 .debug_line    0x0000000000000ef4      0x43c ./Core/Src/main.o
 .debug_line    0x0000000000001330      0x748 ./Core/Src/stm32l4xx_it.o
 .debug_line    0x0000000000001a78      0x71d ./Core/Src/system_stm32l4xx.o
 .debug_line    0x0000000000002195      0x60b ./Core/Src/timer.o
 .debug_line    0x00000000000027a0       0x88 ./Core/Startup/startup_stm32l476rgtx.o
 .debug_line    0x0000000000002828      0xa76 ./Drivers/STM32L4xx_HAL_Driver/Src/stm32l4xx_hal.o

.debug_str      0x0000000000000000   0x12d959
 .debug_str     0x0000000000000000    0x9ae3c ./Core/Src/7seg.o
                                      0x9b010 (size before relaxing)
 .debug_str     0x000000000009ae3c       0xd6 ./Core/Src/helper_functions.o
                                      0x9a954 (size before relaxing)
 .debug_str     0x000000000009af12      0x153 ./Core/Src/main.o
                                      0x9af14 (size before relaxing)
 .debug_str     0x000000000009b065    0x91bed ./Core/Src/stm32l4xx_it.o
                                      0xe0e6d (size before relaxing)
 .debug_str     0x000000000012cc52       0x9e ./Core/Src/system_stm32l4xx.o
                                      0xe0ed5 (size before relaxing)
 .debug_str     0x000000000012ccf0       0xc1 ./Core/Src/timer.o
                                      0x9aaaa (size before relaxing)
 .debug_str     0x000000000012cdb1       0x36 ./Core/Startup/startup_stm32l476rgtx.o
                                         0x7a (size before relaxing)
 .debug_str     0x000000000012cde7      0xb72 ./Drivers/STM32L4xx_HAL_Driver/Src/stm32l4xx_hal.o
                                      0xe1ad4 (size before relaxing)

.comment        0x0000000000000000       0x50
 .comment       0x0000000000000000       0x50 ./Core/Src/7seg.o
                                         0x51 (size before relaxing)
 .comment       0x0000000000000050       0x51 ./Core/Src/helper_functions.o
 .comment       0x0000000000000050       0x51 ./Core/Src/main.o
 .comment       0x0000000000000050       0x51 ./Core/Src/stm32l4xx_it.o
 .comment       0x0000000000000050       0x51 ./Core/Src/system_stm32l4xx.o
 .comment       0x0000000000000050       0x51 ./Core/Src/timer.o
 .comment       0x0000000000000050       0x51 ./Drivers/STM32L4xx_HAL_Driver/Src/stm32l4xx_hal.o

.debug_frame    0x0000000000000000      0xbf4
 .debug_frame   0x0000000000000000      0x264 ./Core/Src/7seg.o
 .debug_frame   0x0000000000000264      0x168 ./Core/Src/helper_functions.o
 .debug_frame   0x00000000000003cc       0x30 ./Core/Src/main.o
 .debug_frame   0x00000000000003fc      0x104 ./Core/Src/stm32l4xx_it.o
 .debug_frame   0x0000000000000500       0x58 ./Core/Src/system_stm32l4xx.o
 .debug_frame   0x0000000000000558      0x1d8 ./Core/Src/timer.o
 .debug_frame   0x0000000000000730      0x498 ./Drivers/STM32L4xx_HAL_Driver/Src/stm32l4xx_hal.o
 .debug_frame   0x0000000000000bc8       0x2c /opt/st/stm32cubeide_1.11.2/plugins/com.st.stm32cube.ide.mcu.externaltools.gnu-tools-for-stm32.10.3-2021.10.linux64_1.0.100.202210260954/tools/bin/../lib/gcc/arm-none-eabi/10.3.1/../../../../arm-none-eabi/lib/thumb/v7e-m+fp/hard/libc_nano.a(lib_a-init.o)
