../Core/Src/main.c:43:17:SevenSegDisplay__construct	40	static
../Core/Src/main.c:53:5:SevenSegDisplay__init	40	static
../Core/Src/main.c:70:5:SevenSegDisplay__print	56	static
../Core/Src/main.c:130:8:Keypad__construct	176	static
../Core/Src/main.c:149:5:Keypad__init	8	static
../Core/Src/main.c:158:8:Keypad__refresh	40	static
../Core/Src/main.c:170:8:Keypad__accumulateRefresh	40	static
../Core/Src/main.c:182:5:Keypad__button	8	static
../Core/Src/main.c:187:5:Keypad__buttonPressed	8	static
../Core/Src/main.c:192:5:Keypad__buttonReleased	8	static
../Core/Src/main.c:197:6:Keypad__getChar	32	static
../Core/Src/main.c:214:6:Keypad__getCharPressed	32	static
../Core/Src/main.c:231:6:Keypad__getCharReleased	32	static
../Core/Src/main.c:248:6:Keypad__getMulti	16	static
../Core/Src/main.c:255:6:Keypad__getMultiPressed	16	static
../Core/Src/main.c:262:6:Keypad__getMultiReleased	16	static
../Core/Src/main.c:269:5:Keypad__buttonOR	24	static
../Core/Src/main.c:279:5:Keypad__prevButtonOR	24	static
../Core/Src/main.c:289:5:main	552	static
