Archive member included to satisfy reference by file (symbol)

/opt/st/stm32cubeide_1.11.2/plugins/com.st.stm32cube.ide.mcu.externaltools.gnu-tools-for-stm32.10.3-2021.10.linux64_1.0.100.202210260954/tools/bin/../lib/gcc/arm-none-eabi/10.3.1/../../../../arm-none-eabi/lib/thumb/v7e-m+fp/hard/libc_nano.a(lib_a-errno.o)
                              ./Core/Src/syscalls.o (__errno)
/opt/st/stm32cubeide_1.11.2/plugins/com.st.stm32cube.ide.mcu.externaltools.gnu-tools-for-stm32.10.3-2021.10.linux64_1.0.100.202210260954/tools/bin/../lib/gcc/arm-none-eabi/10.3.1/../../../../arm-none-eabi/lib/thumb/v7e-m+fp/hard/libc_nano.a(lib_a-exit.o)
                              /opt/st/stm32cubeide_1.11.2/plugins/com.st.stm32cube.ide.mcu.externaltools.gnu-tools-for-stm32.10.3-2021.10.linux64_1.0.100.202210260954/tools/bin/../lib/gcc/arm-none-eabi/10.3.1/../../../../arm-none-eabi/lib/thumb/v7e-m+fp/hard/crt0.o (exit)
/opt/st/stm32cubeide_1.11.2/plugins/com.st.stm32cube.ide.mcu.externaltools.gnu-tools-for-stm32.10.3-2021.10.linux64_1.0.100.202210260954/tools/bin/../lib/gcc/arm-none-eabi/10.3.1/../../../../arm-none-eabi/lib/thumb/v7e-m+fp/hard/libc_nano.a(lib_a-impure.o)
                              /opt/st/stm32cubeide_1.11.2/plugins/com.st.stm32cube.ide.mcu.externaltools.gnu-tools-for-stm32.10.3-2021.10.linux64_1.0.100.202210260954/tools/bin/../lib/gcc/arm-none-eabi/10.3.1/../../../../arm-none-eabi/lib/thumb/v7e-m+fp/hard/libc_nano.a(lib_a-exit.o) (_global_impure_ptr)
/opt/st/stm32cubeide_1.11.2/plugins/com.st.stm32cube.ide.mcu.externaltools.gnu-tools-for-stm32.10.3-2021.10.linux64_1.0.100.202210260954/tools/bin/../lib/gcc/arm-none-eabi/10.3.1/../../../../arm-none-eabi/lib/thumb/v7e-m+fp/hard/libc_nano.a(lib_a-init.o)
                              /opt/st/stm32cubeide_1.11.2/plugins/com.st.stm32cube.ide.mcu.externaltools.gnu-tools-for-stm32.10.3-2021.10.linux64_1.0.100.202210260954/tools/bin/../lib/gcc/arm-none-eabi/10.3.1/../../../../arm-none-eabi/lib/thumb/v7e-m+fp/hard/crt0.o (__libc_init_array)
/opt/st/stm32cubeide_1.11.2/plugins/com.st.stm32cube.ide.mcu.externaltools.gnu-tools-for-stm32.10.3-2021.10.linux64_1.0.100.202210260954/tools/bin/../lib/gcc/arm-none-eabi/10.3.1/../../../../arm-none-eabi/lib/thumb/v7e-m+fp/hard/libc_nano.a(lib_a-memset.o)
                              /opt/st/stm32cubeide_1.11.2/plugins/com.st.stm32cube.ide.mcu.externaltools.gnu-tools-for-stm32.10.3-2021.10.linux64_1.0.100.202210260954/tools/bin/../lib/gcc/arm-none-eabi/10.3.1/../../../../arm-none-eabi/lib/thumb/v7e-m+fp/hard/crt0.o (memset)
/opt/st/stm32cubeide_1.11.2/plugins/com.st.stm32cube.ide.mcu.externaltools.gnu-tools-for-stm32.10.3-2021.10.linux64_1.0.100.202210260954/tools/bin/../lib/gcc/arm-none-eabi/10.3.1/thumb/v7e-m+fp/hard/libgcc.a(_arm_muldf3.o)
                              ./Core/Src/7seg.o (__aeabi_dmul)
/opt/st/stm32cubeide_1.11.2/plugins/com.st.stm32cube.ide.mcu.externaltools.gnu-tools-for-stm32.10.3-2021.10.linux64_1.0.100.202210260954/tools/bin/../lib/gcc/arm-none-eabi/10.3.1/thumb/v7e-m+fp/hard/libgcc.a(_arm_addsubdf3.o)
                              ./Core/Src/main.o (__aeabi_dsub)
/opt/st/stm32cubeide_1.11.2/plugins/com.st.stm32cube.ide.mcu.externaltools.gnu-tools-for-stm32.10.3-2021.10.linux64_1.0.100.202210260954/tools/bin/../lib/gcc/arm-none-eabi/10.3.1/thumb/v7e-m+fp/hard/libgcc.a(_arm_muldivdf3.o)
                              ./Core/Src/speaker.o (__aeabi_ddiv)
/opt/st/stm32cubeide_1.11.2/plugins/com.st.stm32cube.ide.mcu.externaltools.gnu-tools-for-stm32.10.3-2021.10.linux64_1.0.100.202210260954/tools/bin/../lib/gcc/arm-none-eabi/10.3.1/thumb/v7e-m+fp/hard/libgcc.a(_arm_cmpdf2.o)
                              ./Core/Src/main.o (__aeabi_dcmpeq)
/opt/st/stm32cubeide_1.11.2/plugins/com.st.stm32cube.ide.mcu.externaltools.gnu-tools-for-stm32.10.3-2021.10.linux64_1.0.100.202210260954/tools/bin/../lib/gcc/arm-none-eabi/10.3.1/thumb/v7e-m+fp/hard/libgcc.a(_arm_fixdfsi.o)
                              ./Core/Src/7seg.o (__aeabi_d2iz)
/opt/st/stm32cubeide_1.11.2/plugins/com.st.stm32cube.ide.mcu.externaltools.gnu-tools-for-stm32.10.3-2021.10.linux64_1.0.100.202210260954/tools/bin/../lib/gcc/arm-none-eabi/10.3.1/thumb/v7e-m+fp/hard/libgcc.a(_aeabi_uldivmod.o)
                              ./Drivers/STM32L4xx_HAL_Driver/Src/stm32l4xx_hal_uart.o (__aeabi_uldivmod)
/opt/st/stm32cubeide_1.11.2/plugins/com.st.stm32cube.ide.mcu.externaltools.gnu-tools-for-stm32.10.3-2021.10.linux64_1.0.100.202210260954/tools/bin/../lib/gcc/arm-none-eabi/10.3.1/thumb/v7e-m+fp/hard/libgcc.a(_udivmoddi4.o)
                              /opt/st/stm32cubeide_1.11.2/plugins/com.st.stm32cube.ide.mcu.externaltools.gnu-tools-for-stm32.10.3-2021.10.linux64_1.0.100.202210260954/tools/bin/../lib/gcc/arm-none-eabi/10.3.1/thumb/v7e-m+fp/hard/libgcc.a(_aeabi_uldivmod.o) (__udivmoddi4)
[...]
Memory Configuration

Name             Origin             Length             Attributes
RAM              0x0000000020000000 0x0000000000018000 xrw
RAM2             0x0000000010000000 0x0000000000008000 xrw
FLASH            0x0000000008000000 0x0000000000100000 xr
*default*        0x0000000000000000 0xffffffffffffffff

Linker script and memory map

LOAD /opt/st/stm32cubeide_1.11.2/plugins/com.st.stm32cube.ide.mcu.externaltools.gnu-tools-for-stm32.10.3-2021.10.linux64_1.0.100.202210260954/tools/bin/../lib/gcc/arm-none-eabi/10.3.1/thumb/v7e-m+fp/hard/crti.o
LOAD /opt/st/stm32cubeide_1.11.2/plugins/com.st.stm32cube.ide.mcu.externaltools.gnu-tools-for-stm32.10.3-2021.10.linux64_1.0.100.202210260954/tools/bin/../lib/gcc/arm-none-eabi/10.3.1/thumb/v7e-m+fp/hard/crtbegin.o
LOAD /opt/st/stm32cubeide_1.11.2/plugins/com.st.stm32cube.ide.mcu.externaltools.gnu-tools-for-stm32.10.3-2021.10.linux64_1.0.100.202210260954/tools/bin/../lib/gcc/arm-none-eabi/10.3.1/../../../../arm-none-eabi/lib/thumb/v7e-m+fp/hard/crt0.o
LOAD ./Core/Src/7seg.o
LOAD ./Core/Src/helper_functions.o
LOAD ./Core/Src/keypad.o
LOAD ./Core/Src/led_button.o
LOAD ./Core/Src/main.o
LOAD ./Core/Src/speaker.o
LOAD ./Core/Src/stm32l4xx_hal_msp.o
LOAD ./Core/Src/stm32l4xx_it.o
LOAD ./Core/Src/syscalls.o
LOAD ./Core/Src/sysmem.o
LOAD ./Core/Src/system_stm32l4xx.o
LOAD ./Core/Src/timer.o
LOAD ./Core/Startup/startup_stm32l476rgtx.o
LOAD ./Drivers/STM32L4xx_HAL_Driver/Src/stm32l4xx_hal.o
LOAD ./Drivers/STM32L4xx_HAL_Driver/Src/stm32l4xx_hal_cortex.o
LOAD ./Drivers/STM32L4xx_HAL_Driver/Src/stm32l4xx_hal_dma.o
LOAD ./Drivers/STM32L4xx_HAL_Driver/Src/stm32l4xx_hal_dma_ex.o
LOAD ./Drivers/STM32L4xx_HAL_Driver/Src/stm32l4xx_hal_exti.o
LOAD ./Drivers/STM32L4xx_HAL_Driver/Src/stm32l4xx_hal_flash.o
LOAD ./Drivers/STM32L4xx_HAL_Driver/Src/stm32l4xx_hal_flash_ex.o
LOAD ./Drivers/STM32L4xx_HAL_Driver/Src/stm32l4xx_hal_flash_ramfunc.o
LOAD ./Drivers/STM32L4xx_HAL_Driver/Src/stm32l4xx_hal_gpio.o
LOAD ./Drivers/STM32L4xx_HAL_Driver/Src/stm32l4xx_hal_i2c.o
LOAD ./Drivers/STM32L4xx_HAL_Driver/Src/stm32l4xx_hal_i2c_ex.o
LOAD ./Drivers/STM32L4xx_HAL_Driver/Src/stm32l4xx_hal_pwr.o
LOAD ./Drivers/STM32L4xx_HAL_Driver/Src/stm32l4xx_hal_pwr_ex.o
LOAD ./Drivers/STM32L4xx_HAL_Driver/Src/stm32l4xx_hal_rcc.o
LOAD ./Drivers/STM32L4xx_HAL_Driver/Src/stm32l4xx_hal_rcc_ex.o
LOAD ./Drivers/STM32L4xx_HAL_Driver/Src/stm32l4xx_hal_tim.o
LOAD ./Drivers/STM32L4xx_HAL_Driver/Src/stm32l4xx_hal_tim_ex.o
LOAD ./Drivers/STM32L4xx_HAL_Driver/Src/stm32l4xx_hal_uart.o
LOAD ./Drivers/STM32L4xx_HAL_Driver/Src/stm32l4xx_hal_uart_ex.o
START GROUP
LOAD /opt/st/stm32cubeide_1.11.2/plugins/com.st.stm32cube.ide.mcu.externaltools.gnu-tools-for-stm32.10.3-2021.10.linux64_1.0.100.202210260954/tools/bin/../lib/gcc/arm-none-eabi/10.3.1/../../../../arm-none-eabi/lib/thumb/v7e-m+fp/hard/libc_nano.a
LOAD /opt/st/stm32cubeide_1.11.2/plugins/com.st.stm32cube.ide.mcu.externaltools.gnu-tools-for-stm32.10.3-2021.10.linux64_1.0.100.202210260954/tools/bin/../lib/gcc/arm-none-eabi/10.3.1/../../../../arm-none-eabi/lib/thumb/v7e-m+fp/hard/libm.a
END GROUP
START GROUP
LOAD /opt/st/stm32cubeide_1.11.2/plugins/com.st.stm32cube.ide.mcu.externaltools.gnu-tools-for-stm32.10.3-2021.10.linux64_1.0.100.202210260954/tools/bin/../lib/gcc/arm-none-eabi/10.3.1/thumb/v7e-m+fp/hard/libgcc.a
LOAD /opt/st/stm32cubeide_1.11.2/plugins/com.st.stm32cube.ide.mcu.externaltools.gnu-tools-for-stm32.10.3-2021.10.linux64_1.0.100.202210260954/tools/bin/../lib/gcc/arm-none-eabi/10.3.1/../../../../arm-none-eabi/lib/thumb/v7e-m+fp/hard/libc_nano.a
END GROUP
START GROUP
LOAD /opt/st/stm32cubeide_1.11.2/plugins/com.st.stm32cube.ide.mcu.externaltools.gnu-tools-for-stm32.10.3-2021.10.linux64_1.0.100.202210260954/tools/bin/../lib/gcc/arm-none-eabi/10.3.1/thumb/v7e-m+fp/hard/libgcc.a
LOAD /opt/st/stm32cubeide_1.11.2/plugins/com.st.stm32cube.ide.mcu.externaltools.gnu-tools-for-stm32.10.3-2021.10.linux64_1.0.100.202210260954/tools/bin/../lib/gcc/arm-none-eabi/10.3.1/../../../../arm-none-eabi/lib/thumb/v7e-m+fp/hard/libc_nano.a
LOAD /opt/st/stm32cubeide_1.11.2/plugins/com.st.stm32cube.ide.mcu.externaltools.gnu-tools-for-stm32.10.3-2021.10.linux64_1.0.100.202210260954/tools/bin/../lib/gcc/arm-none-eabi/10.3.1/../../../../arm-none-eabi/lib/thumb/v7e-m+fp/hard/libnosys.a
END GROUP
START GROUP
LOAD /opt/st/stm32cubeide_1.11.2/plugins/com.st.stm32cube.ide.mcu.externaltools.gnu-tools-for-stm32.10.3-2021.10.linux64_1.0.100.202210260954/tools/bin/../lib/gcc/arm-none-eabi/10.3.1/thumb/v7e-m+fp/hard/libgcc.a
LOAD /opt/st/stm32cubeide_1.11.2/plugins/com.st.stm32cube.ide.mcu.externaltools.gnu-tools-for-stm32.10.3-2021.10.linux64_1.0.100.202210260954/tools/bin/../lib/gcc/arm-none-eabi/10.3.1/../../../../arm-none-eabi/lib/thumb/v7e-m+fp/hard/libc_nano.a
LOAD /opt/st/stm32cubeide_1.11.2/plugins/com.st.stm32cube.ide.mcu.externaltools.gnu-tools-for-stm32.10.3-2021.10.linux64_1.0.100.202210260954/tools/bin/../lib/gcc/arm-none-eabi/10.3.1/../../../../arm-none-eabi/lib/thumb/v7e-m+fp/hard/libnosys.a
END GROUP
LOAD /opt/st/stm32cubeide_1.11.2/plugins/com.st.stm32cube.ide.mcu.externaltools.gnu-tools-for-stm32.10.3-2021.10.linux64_1.0.100.202210260954/tools/bin/../lib/gcc/arm-none-eabi/10.3.1/thumb/v7e-m+fp/hard/crtend.o
LOAD /opt/st/stm32cubeide_1.11.2/plugins/com.st.stm32cube.ide.mcu.externaltools.gnu-tools-for-stm32.10.3-2021.10.linux64_1.0.100.202210260954/tools/bin/../lib/gcc/arm-none-eabi/10.3.1/thumb/v7e-m+fp/hard/crtn.o
                0x0000000020018000                _estack = (ORIGIN (RAM) + LENGTH (RAM))
                0x0000000000000200                _Min_Heap_Size = 0x200
                0x0000000000000400                _Min_Stack_Size = 0x400

.isr_vector     0x0000000008000000      0x188
                0x0000000008000000                . = ALIGN (0x4)
 *(.isr_vector)
 .isr_vector    0x0000000008000000      0x188 ./Core/Startup/startup_stm32l476rgtx.o
                0x0000000008000000                g_pfnVectors
                0x0000000008000188                . = ALIGN (0x4)

.text           0x0000000008000188     0x261c
                0x0000000008000188                . = ALIGN (0x4)
 *(.text)
 .text          0x0000000008000188       0x40 /opt/st/stm32cubeide_1.11.2/plugins/com.st.stm32cube.ide.mcu.externaltools.gnu-tools-for-stm32.10.3-2021.10.linux64_1.0.100.202210260954/tools/bin/../lib/gcc/arm-none-eabi/10.3.1/thumb/v7e-m+fp/hard/crtbegin.o
 .text          0x00000000080001c8      0x378 /opt/st/stm32cubeide_1.11.2/plugins/com.st.stm32cube.ide.mcu.externaltools.gnu-tools-for-stm32.10.3-2021.10.linux64_1.0.100.202210260954/tools/bin/../lib/gcc/arm-none-eabi/10.3.1/thumb/v7e-m+fp/hard/libgcc.a(_arm_addsubdf3.o)
                0x00000000080001c8                __aeabi_drsub
                0x00000000080001d0                __aeabi_dsub
                0x00000000080001d0                __subdf3
                0x00000000080001d4                __adddf3
                0x00000000080001d4                __aeabi_dadd
                0x000000000800044c                __aeabi_ui2d
                0x000000000800044c                __floatunsidf
                0x000000000800046c                __floatsidf
                0x000000000800046c                __aeabi_i2d
                0x0000000008000490                __extendsfdf2
                0x0000000008000490                __aeabi_f2d
                0x00000000080004d4                __aeabi_ul2d
                0x00000000080004d4                __floatundidf
                0x00000000080004e4                __floatdidf
                0x00000000080004e4                __aeabi_l2d
 .text          0x0000000008000540      0x424 /opt/st/stm32cubeide_1.11.2/plugins/com.st.stm32cube.ide.mcu.externaltools.gnu-tools-for-stm32.10.3-2021.10.linux64_1.0.100.202210260954/tools/bin/../lib/gcc/arm-none-eabi/10.3.1/thumb/v7e-m+fp/hard/libgcc.a(_arm_muldivdf3.o)
                0x0000000008000540                __aeabi_dmul
                0x0000000008000540                __muldf3
                0x0000000008000794                __aeabi_ddiv
                0x0000000008000794                __divdf3
 .text          0x0000000008000964      0x110 /opt/st/stm32cubeide_1.11.2/plugins/com.st.stm32cube.ide.mcu.externaltools.gnu-tools-for-stm32.10.3-2021.10.linux64_1.0.100.202210260954/tools/bin/../lib/gcc/arm-none-eabi/10.3.1/thumb/v7e-m+fp/hard/libgcc.a(_arm_cmpdf2.o)
                0x0000000008000964                __gtdf2
                0x0000000008000964                __gedf2
                0x000000000800096c                __ltdf2
                0x000000000800096c                __ledf2
                0x0000000008000974                __cmpdf2
                0x0000000008000974                __eqdf2
                0x0000000008000974                __nedf2
                0x00000000080009f0                __aeabi_cdrcmple
                0x0000000008000a00                __aeabi_cdcmple
                0x0000000008000a00                __aeabi_cdcmpeq
                0x0000000008000a10                __aeabi_dcmpeq
                0x0000000008000a24                __aeabi_dcmplt
                0x0000000008000a38                __aeabi_dcmple
                0x0000000008000a4c                __aeabi_dcmpge
                0x0000000008000a60                __aeabi_dcmpgt
 .text          0x0000000008000a74       0x50 /opt/st/stm32cubeide_1.11.2/plugins/com.st.stm32cube.ide.mcu.externaltools.gnu-tools-for-stm32.10.3-2021.10.linux64_1.0.100.202210260954/tools/bin/../lib/gcc/arm-none-eabi/10.3.1/thumb/v7e-m+fp/hard/libgcc.a(_arm_fixdfsi.o)
                0x0000000008000a74                __fixdfsi
                0x0000000008000a74                __aeabi_d2iz
 *(.text*)
 .text.init_7seg
                0x0000000008000ac4      0x100 ./Core/Src/7seg.o
                0x0000000008000ac4                init_7seg
 .text.send_7seg
                0x0000000008000bc4       0x96 ./Core/Src/7seg.o
                0x0000000008000bc4                send_7seg
 .text.init_7seg_number
                0x0000000008000c5a       0x92 ./Core/Src/7seg.o
                0x0000000008000c5a                init_7seg_number
 .text.SevenSeg__construct
                0x0000000008000cec       0x32 ./Core/Src/7seg.o
                0x0000000008000cec                SevenSeg__construct
 .text.SevenSeg__init
                0x0000000008000d1e       0x24 ./Core/Src/7seg.o
                0x0000000008000d1e                SevenSeg__init
 *fill*         0x0000000008000d42        0x2 
 .text.SevenSeg__printNum
                0x0000000008000d44      0x12c ./Core/Src/7seg.o
                0x0000000008000d44                SevenSeg__printNum
 .text.read_gpio
                0x0000000008000e70       0x24 ./Core/Src/helper_functions.o
                0x0000000008000e70                read_gpio
 .text.set_gpio
                0x0000000008000e94       0x28 ./Core/Src/helper_functions.o
                0x0000000008000e94                set_gpio
 .text.reset_gpio
                0x0000000008000ebc       0x28 ./Core/Src/helper_functions.o
                0x0000000008000ebc                reset_gpio
 .text.set_push
                0x0000000008000ee4       0x2a ./Core/Src/helper_functions.o
                0x0000000008000ee4                set_push
 .text.reset_push
                0x0000000008000f0e       0x28 ./Core/Src/helper_functions.o
                0x0000000008000f0e                reset_push
 *fill*         0x0000000008000f36        0x2 
 .text.FPU_init
                0x0000000008000f38       0x30 ./Core/Src/helper_functions.o
                0x0000000008000f38                FPU_init
 .text.delay_without_interrupt
                0x0000000008000f68       0x40 ./Core/Src/helper_functions.o
                0x0000000008000f68                delay_without_interrupt
 .text.NVIC_EnableIRQ
                0x0000000008000fa8       0x34 ./Core/Src/keypad.o
 .text.init_keypad
                0x0000000008000fdc      0x140 ./Core/Src/keypad.o
                0x0000000008000fdc                init_keypad
 .text.Keypad__construct
                0x000000000800111c       0x7c ./Core/Src/keypad.o
                0x000000000800111c                Keypad__construct
 .text.Keypad__init
                0x0000000008001198       0x32 ./Core/Src/keypad.o
                0x0000000008001198                Keypad__init
 *fill*         0x00000000080011ca        0x2 
 .text.Keypad__getChar
                0x00000000080011cc       0x70 ./Core/Src/keypad.o
                0x00000000080011cc                Keypad__getChar
 .text.KeypadInterrupt__construct
                0x000000000800123c       0x36 ./Core/Src/keypad.o
                0x000000000800123c                KeypadInterrupt__construct
 *fill*         0x0000000008001272        0x2 
 .text.KeypadInterrupt__init
                0x0000000008001274      0x160 ./Core/Src/keypad.o
                0x0000000008001274                KeypadInterrupt__init
 .text.KeypadInterrupt__shiftOutput
                0x00000000080013d4       0x58 ./Core/Src/keypad.o
                0x00000000080013d4                KeypadInterrupt__shiftOutput
 .text.KeypadInterrupt__callbackRefresh
                0x000000000800142c       0xa2 ./Core/Src/keypad.o
                0x000000000800142c                KeypadInterrupt__callbackRefresh
 .text.KeypadInterrupt__getChar
                0x00000000080014ce       0x1a ./Core/Src/keypad.o
                0x00000000080014ce                KeypadInterrupt__getChar
 .text.NVIC_EnableIRQ
                0x00000000080014e8       0x34 ./Core/Src/led_button.o
 .text.init_button
                0x000000000800151c       0x58 ./Core/Src/led_button.o
                0x000000000800151c                init_button
 *fill*         0x0000000008001574        0x4 
 .text.Button__construct
                0x0000000008001578       0x60 ./Core/Src/led_button.o
                0x0000000008001578                Button__construct
 .text.Button__init
                0x00000000080015d8       0x2e ./Core/Src/led_button.o
                0x00000000080015d8                Button__init
 .text.Button__read
                0x0000000008001606       0x5e ./Core/Src/led_button.o
                0x0000000008001606                Button__read
 .text.ButtonInterrupt__construct
                0x0000000008001664       0x28 ./Core/Src/led_button.o
                0x0000000008001664                ButtonInterrupt__construct
 .text.ButtonInterrupt__init
                0x000000000800168c      0x1c4 ./Core/Src/led_button.o
                0x000000000800168c                ButtonInterrupt__init
 .text.ButtonInterrupt__callbackRefresh
                0x0000000008001850       0x26 ./Core/Src/led_button.o
                0x0000000008001850                ButtonInterrupt__callbackRefresh
 .text.Map_CharToNum
                0x0000000008001876       0x52 ./Core/Src/main.o
                0x0000000008001876                Map_CharToNum
 .text.SysTick_Handler
                0x00000000080018c8       0xf8 ./Core/Src/main.o
                0x00000000080018c8                SysTick_Handler
 .text.EXTI1_IRQHandler
                0x00000000080019c0       0x64 ./Core/Src/main.o
                0x00000000080019c0                EXTI1_IRQHandler
 .text.EXTI3_IRQHandler
                0x0000000008001a24       0x78 ./Core/Src/main.o
                0x0000000008001a24                EXTI3_IRQHandler
 .text.EXTI4_IRQHandler
                0x0000000008001a9c       0x78 ./Core/Src/main.o
                0x0000000008001a9c                EXTI4_IRQHandler
 .text.EXTI9_5_IRQHandler
                0x0000000008001b14       0xcc ./Core/Src/main.o
                0x0000000008001b14                EXTI9_5_IRQHandler
 .text.main     0x0000000008001be0      0x168 ./Core/Src/main.o
                0x0000000008001be0                main
 .text.ToneFrequency__construct
                0x0000000008001d48       0xc0 ./Core/Src/speaker.o
                0x0000000008001d48                ToneFrequency__construct
 .text.Speaker__construct
                0x0000000008001e08       0x40 ./Core/Src/speaker.o
                0x0000000008001e08                Speaker__construct
 .text.Speaker__init
                0x0000000008001e48       0x42 ./Core/Src/speaker.o
                0x0000000008001e48                Speaker__init
 *fill*         0x0000000008001e8a        0x6 
 .text.Speaker__play
                0x0000000008001e90       0x78 ./Core/Src/speaker.o
                0x0000000008001e90                Speaker__play
 .text.Speaker__playIphoneRingtone
                0x0000000008001f08      0x374 ./Core/Src/speaker.o
                0x0000000008001f08                Speaker__playIphoneRingtone
 .text.NMI_Handler
                0x000000000800227c        0x6 ./Core/Src/stm32l4xx_it.o
                0x000000000800227c                NMI_Handler
 .text.HardFault_Handler
                0x0000000008002282        0x6 ./Core/Src/stm32l4xx_it.o
                0x0000000008002282                HardFault_Handler
 .text.MemManage_Handler
                0x0000000008002288        0x6 ./Core/Src/stm32l4xx_it.o
                0x0000000008002288                MemManage_Handler
 .text.BusFault_Handler
                0x000000000800228e        0x6 ./Core/Src/stm32l4xx_it.o
                0x000000000800228e                BusFault_Handler
 .text.UsageFault_Handler
                0x0000000008002294        0x6 ./Core/Src/stm32l4xx_it.o
                0x0000000008002294                UsageFault_Handler
 .text.SVC_Handler
                0x000000000800229a        0xe ./Core/Src/stm32l4xx_it.o
                0x000000000800229a                SVC_Handler
 .text.DebugMon_Handler
                0x00000000080022a8        0xe ./Core/Src/stm32l4xx_it.o
                0x00000000080022a8                DebugMon_Handler
 .text.PendSV_Handler
                0x00000000080022b6        0xe ./Core/Src/stm32l4xx_it.o
                0x00000000080022b6                PendSV_Handler
 .text.SystemInit
                0x00000000080022c4       0x24 ./Core/Src/system_stm32l4xx.o
                0x00000000080022c4                SystemInit
 .text.SystemClock_Config
                0x00000000080022e8      0x180 ./Core/Src/timer.o
                0x00000000080022e8                SystemClock_Config
 .text.SystemClock_Config_Interrupt
                0x0000000008002468       0x48 ./Core/Src/timer.o
                0x0000000008002468                SystemClock_Config_Interrupt
 .text.timer_enable
                0x00000000080024b0       0x48 ./Core/Src/timer.o
                0x00000000080024b0                timer_enable
 .text.timer_init
                0x00000000080024f8       0x38 ./Core/Src/timer.o
                0x00000000080024f8                timer_init
 .text.timer_start
                0x0000000008002530       0x20 ./Core/Src/timer.o
                0x0000000008002530                timer_start
 .text.GPIO_init_AF
                0x0000000008002550       0x60 ./Core/Src/timer.o
                0x0000000008002550                GPIO_init_AF
 .text.PWM_channel_init
                0x00000000080025b0       0x9e ./Core/Src/timer.o
                0x00000000080025b0                PWM_channel_init
 .text.SystemClock__construct
                0x000000000800264e       0x24 ./Core/Src/timer.o
                0x000000000800264e                SystemClock__construct
 *fill*         0x0000000008002672        0x2 
 .text.SystemClock__init
                0x0000000008002674       0x5c ./Core/Src/timer.o
                0x0000000008002674                SystemClock__init
 .text.SystemClock__reset
                0x00000000080026d0       0x20 ./Core/Src/timer.o
                0x00000000080026d0                SystemClock__reset
 .text.Reset_Handler
                0x00000000080026f0       0x50 ./Core/Startup/startup_stm32l476rgtx.o
                0x00000000080026f0                Reset_Handler
 .text.Default_Handler
                0x0000000008002740        0x2 ./Core/Startup/startup_stm32l476rgtx.o
                0x0000000008002740                RTC_Alarm_IRQHandler
                0x0000000008002740                EXTI2_IRQHandler
                0x0000000008002740                TIM8_TRG_COM_IRQHandler
                0x0000000008002740                TIM8_CC_IRQHandler
                0x0000000008002740                TIM1_CC_IRQHandler
                0x0000000008002740                TSC_IRQHandler
                0x0000000008002740                TAMP_STAMP_IRQHandler
                0x0000000008002740                LPTIM2_IRQHandler
                0x0000000008002740                DFSDM1_FLT1_IRQHandler
                0x0000000008002740                I2C3_ER_IRQHandler
                0x0000000008002740                DFSDM1_FLT2_IRQHandler
                0x0000000008002740                EXTI0_IRQHandler
                0x0000000008002740                I2C2_EV_IRQHandler
                0x0000000008002740                CAN1_RX0_IRQHandler
                0x0000000008002740                FPU_IRQHandler
                0x0000000008002740                TIM1_UP_TIM16_IRQHandler
                0x0000000008002740                ADC1_2_IRQHandler
                0x0000000008002740                SPI1_IRQHandler
                0x0000000008002740                TIM6_DAC_IRQHandler
                0x0000000008002740                TIM8_UP_IRQHandler
                0x0000000008002740                DMA2_Channel2_IRQHandler
                0x0000000008002740                DMA1_Channel4_IRQHandler
                0x0000000008002740                SAI2_IRQHandler
                0x0000000008002740                DFSDM1_FLT3_IRQHandler
                0x0000000008002740                USART3_IRQHandler
                0x0000000008002740                DMA1_Channel7_IRQHandler
                0x0000000008002740                CAN1_RX1_IRQHandler
                0x0000000008002740                LCD_IRQHandler
                0x0000000008002740                UART5_IRQHandler
                0x0000000008002740                ADC3_IRQHandler
                0x0000000008002740                TIM4_IRQHandler
                0x0000000008002740                DMA2_Channel1_IRQHandler
                0x0000000008002740                QUADSPI_IRQHandler
                0x0000000008002740                I2C1_EV_IRQHandler
                0x0000000008002740                DMA1_Channel6_IRQHandler
                0x0000000008002740                UART4_IRQHandler
                0x0000000008002740                DMA2_Channel4_IRQHandler
                0x0000000008002740                TIM3_IRQHandler
                0x0000000008002740                RCC_IRQHandler
                0x0000000008002740                DMA1_Channel1_IRQHandler
                0x0000000008002740                Default_Handler
                0x0000000008002740                DMA2_Channel7_IRQHandler
                0x0000000008002740                EXTI15_10_IRQHandler
                0x0000000008002740                TIM7_IRQHandler
                0x0000000008002740                SDMMC1_IRQHandler
                0x0000000008002740                TIM5_IRQHandler
                0x0000000008002740                I2C3_EV_IRQHandler
                0x0000000008002740                RTC_WKUP_IRQHandler
                0x0000000008002740                PVD_PVM_IRQHandler
                0x0000000008002740                SPI2_IRQHandler
                0x0000000008002740                CAN1_TX_IRQHandler
                0x0000000008002740                DMA2_Channel5_IRQHandler
                0x0000000008002740                DMA1_Channel5_IRQHandler
                0x0000000008002740                RNG_IRQHandler
                0x0000000008002740                TIM1_TRG_COM_TIM17_IRQHandler
                0x0000000008002740                DMA1_Channel3_IRQHandler
                0x0000000008002740                COMP_IRQHandler
                0x0000000008002740                WWDG_IRQHandler
                0x0000000008002740                LPUART1_IRQHandler
                0x0000000008002740                DMA2_Channel6_IRQHandler
                0x0000000008002740                TIM2_IRQHandler
                0x0000000008002740                USART2_IRQHandler
                0x0000000008002740                DFSDM1_FLT0_IRQHandler
                0x0000000008002740                I2C2_ER_IRQHandler
                0x0000000008002740                DMA1_Channel2_IRQHandler
                0x0000000008002740                TIM8_BRK_IRQHandler
                0x0000000008002740                CAN1_SCE_IRQHandler
                0x0000000008002740                FLASH_IRQHandler
                0x0000000008002740                USART1_IRQHandler
                0x0000000008002740                OTG_FS_IRQHandler
                0x0000000008002740                SPI3_IRQHandler
                0x0000000008002740                I2C1_ER_IRQHandler
                0x0000000008002740                FMC_IRQHandler
                0x0000000008002740                SWPMI1_IRQHandler
                0x0000000008002740                LPTIM1_IRQHandler
                0x0000000008002740                SAI1_IRQHandler
                0x0000000008002740                DMA2_Channel3_IRQHandler
                0x0000000008002740                TIM1_BRK_TIM15_IRQHandler
 *fill*         0x0000000008002742        0x2 
 .text.__libc_init_array
                0x0000000008002744       0x48 /opt/st/stm32cubeide_1.11.2/plugins/com.st.stm32cube.ide.mcu.externaltools.gnu-tools-for-stm32.10.3-2021.10.linux64_1.0.100.202210260954/tools/bin/../lib/gcc/arm-none-eabi/10.3.1/../../../../arm-none-eabi/lib/thumb/v7e-m+fp/hard/libc_nano.a(lib_a-init.o)
                0x0000000008002744                __libc_init_array
 *(.glue_7)
 .glue_7        0x000000000800278c        0x0 linker stubs
 *(.glue_7t)
 .glue_7t       0x000000000800278c        0x0 linker stubs
 *(.eh_frame)
 .eh_frame      0x000000000800278c        0x0 /opt/st/stm32cubeide_1.11.2/plugins/com.st.stm32cube.ide.mcu.externaltools.gnu-tools-for-stm32.10.3-2021.10.linux64_1.0.100.202210260954/tools/bin/../lib/gcc/arm-none-eabi/10.3.1/thumb/v7e-m+fp/hard/crtbegin.o
 *(.init)
 .init          0x000000000800278c        0x4 /opt/st/stm32cubeide_1.11.2/plugins/com.st.stm32cube.ide.mcu.externaltools.gnu-tools-for-stm32.10.3-2021.10.linux64_1.0.100.202210260954/tools/bin/../lib/gcc/arm-none-eabi/10.3.1/thumb/v7e-m+fp/hard/crti.o
                0x000000000800278c                _init
 .init          0x0000000008002790        0x8 /opt/st/stm32cubeide_1.11.2/plugins/com.st.stm32cube.ide.mcu.externaltools.gnu-tools-for-stm32.10.3-2021.10.linux64_1.0.100.202210260954/tools/bin/../lib/gcc/arm-none-eabi/10.3.1/thumb/v7e-m+fp/hard/crtn.o
 *(.fini)
 .fini          0x0000000008002798        0x4 /opt/st/stm32cubeide_1.11.2/plugins/com.st.stm32cube.ide.mcu.externaltools.gnu-tools-for-stm32.10.3-2021.10.linux64_1.0.100.202210260954/tools/bin/../lib/gcc/arm-none-eabi/10.3.1/thumb/v7e-m+fp/hard/crti.o
                0x0000000008002798                _fini
 .fini          0x000000000800279c        0x8 /opt/st/stm32cubeide_1.11.2/plugins/com.st.stm32cube.ide.mcu.externaltools.gnu-tools-for-stm32.10.3-2021.10.linux64_1.0.100.202210260954/tools/bin/../lib/gcc/arm-none-eabi/10.3.1/thumb/v7e-m+fp/hard/crtn.o
                0x00000000080027a4                . = ALIGN (0x4)
                0x00000000080027a4                _etext = .

.vfp11_veneer   0x00000000080027a4        0x0
 .vfp11_veneer  0x00000000080027a4        0x0 linker stubs

.v4_bx          0x00000000080027a4        0x0
 .v4_bx         0x00000000080027a4        0x0 linker stubs

.iplt           0x00000000080027a4        0x0
 .iplt          0x00000000080027a4        0x0 /opt/st/stm32cubeide_1.11.2/plugins/com.st.stm32cube.ide.mcu.externaltools.gnu-tools-for-stm32.10.3-2021.10.linux64_1.0.100.202210260954/tools/bin/../lib/gcc/arm-none-eabi/10.3.1/thumb/v7e-m+fp/hard/crtbegin.o

.rodata         0x00000000080027a4       0x10
                0x00000000080027a4                . = ALIGN (0x4)
 *(.rodata)
 .rodata        0x00000000080027a4       0x10 ./Core/Src/keypad.o
 *(.rodata*)
                0x00000000080027b4                . = ALIGN (0x4)

.rel.dyn        0x00000000080027b4        0x0
 .rel.iplt      0x00000000080027b4        0x0 /opt/st/stm32cubeide_1.11.2/plugins/com.st.stm32cube.ide.mcu.externaltools.gnu-tools-for-stm32.10.3-2021.10.linux64_1.0.100.202210260954/tools/bin/../lib/gcc/arm-none-eabi/10.3.1/thumb/v7e-m+fp/hard/crtbegin.o

.ARM.extab      0x00000000080027b4        0x0
                0x00000000080027b4                . = ALIGN (0x4)
 *(.ARM.extab* .gnu.linkonce.armextab.*)
                0x00000000080027b4                . = ALIGN (0x4)

.ARM            0x00000000080027b4        0x0
                0x00000000080027b4                . = ALIGN (0x4)
                0x00000000080027b4                __exidx_start = .
 *(.ARM.exidx*)
                0x00000000080027b4                __exidx_end = .
                0x00000000080027b4                . = ALIGN (0x4)

.preinit_array  0x00000000080027b4        0x0
                0x00000000080027b4                . = ALIGN (0x4)
                0x00000000080027b4                PROVIDE (__preinit_array_start = .)
 *(.preinit_array*)
                0x00000000080027b4                PROVIDE (__preinit_array_end = .)
                0x00000000080027b4                . = ALIGN (0x4)

.init_array     0x00000000080027b4        0x4
                0x00000000080027b4                . = ALIGN (0x4)
                0x00000000080027b4                PROVIDE (__init_array_start = .)
 *(SORT_BY_NAME(.init_array.*))
 *(.init_array*)
 .init_array    0x00000000080027b4        0x4 /opt/st/stm32cubeide_1.11.2/plugins/com.st.stm32cube.ide.mcu.externaltools.gnu-tools-for-stm32.10.3-2021.10.linux64_1.0.100.202210260954/tools/bin/../lib/gcc/arm-none-eabi/10.3.1/thumb/v7e-m+fp/hard/crtbegin.o
                0x00000000080027b8                PROVIDE (__init_array_end = .)
                0x00000000080027b8                . = ALIGN (0x4)

.fini_array     0x00000000080027b8        0x4
                0x00000000080027b8                . = ALIGN (0x4)
                [!provide]                        PROVIDE (__fini_array_start = .)
 *(SORT_BY_NAME(.fini_array.*))
 *(.fini_array*)
 .fini_array    0x00000000080027b8        0x4 /opt/st/stm32cubeide_1.11.2/plugins/com.st.stm32cube.ide.mcu.externaltools.gnu-tools-for-stm32.10.3-2021.10.linux64_1.0.100.202210260954/tools/bin/../lib/gcc/arm-none-eabi/10.3.1/thumb/v7e-m+fp/hard/crtbegin.o
                [!provide]                        PROVIDE (__fini_array_end = .)
                0x00000000080027bc                . = ALIGN (0x4)
                0x00000000080027bc                _sidata = LOADADDR (.data)

.data           0x0000000020000000        0x4 load address 0x00000000080027bc
                0x0000000020000000                . = ALIGN (0x4)
                0x0000000020000000                _sdata = .
 *(.data)
 *(.data*)
 .data.state    0x0000000020000000        0x4 ./Core/Src/main.o
                0x0000000020000000                state
 *(.RamFunc)
 *(.RamFunc*)
                0x0000000020000004                . = ALIGN (0x4)
                0x0000000020000004                _edata = .

.igot.plt       0x0000000020000004        0x0 load address 0x00000000080027c0
 .igot.plt      0x0000000020000004        0x0 /opt/st/stm32cubeide_1.11.2/plugins/com.st.stm32cube.ide.mcu.externaltools.gnu-tools-for-stm32.10.3-2021.10.linux64_1.0.100.202210260954/tools/bin/../lib/gcc/arm-none-eabi/10.3.1/thumb/v7e-m+fp/hard/crtbegin.o
                0x0000000020000004                . = ALIGN (0x4)

.bss            0x0000000020000008       0x48 load address 0x00000000080027c0
                0x0000000020000008                _sbss = .
                0x0000000020000008                __bss_start__ = _sbss
 *(.bss)
 .bss           0x0000000020000008       0x1c /opt/st/stm32cubeide_1.11.2/plugins/com.st.stm32cube.ide.mcu.externaltools.gnu-tools-for-stm32.10.3-2021.10.linux64_1.0.100.202210260954/tools/bin/../lib/gcc/arm-none-eabi/10.3.1/thumb/v7e-m+fp/hard/crtbegin.o
 *(.bss*)
 *fill*         0x0000000020000024        0x4 
 .bss.remainingTime
                0x0000000020000028        0x8 ./Core/Src/main.o
                0x0000000020000028                remainingTime
 .bss.musicCounterMs
                0x0000000020000030        0x8 ./Core/Src/main.o
                0x0000000020000030                musicCounterMs
 .bss.enteredSeconds
                0x0000000020000038        0x4 ./Core/Src/main.o
                0x0000000020000038                enteredSeconds
 .bss.KeypadInterrupt__callback
                0x000000002000003c        0x4 ./Core/Src/main.o
                0x000000002000003c                KeypadInterrupt__callback
 .bss.KeypadInterrupt__self
                0x0000000020000040        0x4 ./Core/Src/main.o
                0x0000000020000040                KeypadInterrupt__self
 .bss.ButtonInterrupt__callback
                0x0000000020000044        0x4 ./Core/Src/main.o
                0x0000000020000044                ButtonInterrupt__callback
 .bss.ButtonInterrupt__self
                0x0000000020000048        0x4 ./Core/Src/main.o
                0x0000000020000048                ButtonInterrupt__self
 .bss.SevenSeg__self
                0x000000002000004c        0x4 ./Core/Src/main.o
                0x000000002000004c                SevenSeg__self
 *(COMMON)
                0x0000000020000050                . = ALIGN (0x4)
                0x0000000020000050                _ebss = .
                0x0000000020000050                __bss_end__ = _ebss

._user_heap_stack
                0x0000000020000050      0x600 load address 0x00000000080027c0
                0x0000000020000050                . = ALIGN (0x8)
                [!provide]                        PROVIDE (end = .)
                0x0000000020000050                PROVIDE (_end = .)
                0x0000000020000250                . = (. + _Min_Heap_Size)
 *fill*         0x0000000020000050      0x200 
                0x0000000020000650                . = (. + _Min_Stack_Size)
 *fill*         0x0000000020000250      0x400 
                0x0000000020000650                . = ALIGN (0x8)

/DISCARD/
 libc.a(*)
 libm.a(*)
 libgcc.a(*)

.ARM.attributes
                0x0000000000000000       0x30
 *(.ARM.attributes)
 .ARM.attributes
                0x0000000000000000       0x1e /opt/st/stm32cubeide_1.11.2/plugins/com.st.stm32cube.ide.mcu.externaltools.gnu-tools-for-stm32.10.3-2021.10.linux64_1.0.100.202210260954/tools/bin/../lib/gcc/arm-none-eabi/10.3.1/thumb/v7e-m+fp/hard/crti.o
 .ARM.attributes
                0x000000000000001e       0x34 /opt/st/stm32cubeide_1.11.2/plugins/com.st.stm32cube.ide.mcu.externaltools.gnu-tools-for-stm32.10.3-2021.10.linux64_1.0.100.202210260954/tools/bin/../lib/gcc/arm-none-eabi/10.3.1/thumb/v7e-m+fp/hard/crtbegin.o
 .ARM.attributes
                0x0000000000000052       0x34 ./Core/Src/7seg.o
 .ARM.attributes
                0x0000000000000086       0x34 ./Core/Src/helper_functions.o
 .ARM.attributes
                0x00000000000000ba       0x34 ./Core/Src/keypad.o
 .ARM.attributes
                0x00000000000000ee       0x34 ./Core/Src/led_button.o
 .ARM.attributes
                0x0000000000000122       0x34 ./Core/Src/main.o
 .ARM.attributes
                0x0000000000000156       0x34 ./Core/Src/speaker.o
 .ARM.attributes
                0x000000000000018a       0x34 ./Core/Src/stm32l4xx_it.o
 .ARM.attributes
                0x00000000000001be       0x34 ./Core/Src/system_stm32l4xx.o
 .ARM.attributes
                0x00000000000001f2       0x34 ./Core/Src/timer.o
 .ARM.attributes
                0x0000000000000226       0x21 ./Core/Startup/startup_stm32l476rgtx.o
 .ARM.attributes
                0x0000000000000247       0x34 /opt/st/stm32cubeide_1.11.2/plugins/com.st.stm32cube.ide.mcu.externaltools.gnu-tools-for-stm32.10.3-2021.10.linux64_1.0.100.202210260954/tools/bin/../lib/gcc/arm-none-eabi/10.3.1/../../../../arm-none-eabi/lib/thumb/v7e-m+fp/hard/libc_nano.a(lib_a-init.o)
 .ARM.attributes
                0x000000000000027b       0x1e /opt/st/stm32cubeide_1.11.2/plugins/com.st.stm32cube.ide.mcu.externaltools.gnu-tools-for-stm32.10.3-2021.10.linux64_1.0.100.202210260954/tools/bin/../lib/gcc/arm-none-eabi/10.3.1/thumb/v7e-m+fp/hard/libgcc.a(_arm_addsubdf3.o)
 .ARM.attributes
                0x0000000000000299       0x1e /opt/st/stm32cubeide_1.11.2/plugins/com.st.stm32cube.ide.mcu.externaltools.gnu-tools-for-stm32.10.3-2021.10.linux64_1.0.100.202210260954/tools/bin/../lib/gcc/arm-none-eabi/10.3.1/thumb/v7e-m+fp/hard/libgcc.a(_arm_muldivdf3.o)
 .ARM.attributes
                0x00000000000002b7       0x1e /opt/st/stm32cubeide_1.11.2/plugins/com.st.stm32cube.ide.mcu.externaltools.gnu-tools-for-stm32.10.3-2021.10.linux64_1.0.100.202210260954/tools/bin/../lib/gcc/arm-none-eabi/10.3.1/thumb/v7e-m+fp/hard/libgcc.a(_arm_cmpdf2.o)
 .ARM.attributes
                0x00000000000002d5       0x1e /opt/st/stm32cubeide_1.11.2/plugins/com.st.stm32cube.ide.mcu.externaltools.gnu-tools-for-stm32.10.3-2021.10.linux64_1.0.100.202210260954/tools/bin/../lib/gcc/arm-none-eabi/10.3.1/thumb/v7e-m+fp/hard/libgcc.a(_arm_fixdfsi.o)
 .ARM.attributes
                0x00000000000002f3       0x1e /opt/st/stm32cubeide_1.11.2/plugins/com.st.stm32cube.ide.mcu.externaltools.gnu-tools-for-stm32.10.3-2021.10.linux64_1.0.100.202210260954/tools/bin/../lib/gcc/arm-none-eabi/10.3.1/thumb/v7e-m+fp/hard/crtn.o
OUTPUT(lab6.elf elf32-littlearm)
LOAD linker stubs
LOAD /opt/st/stm32cubeide_1.11.2/plugins/com.st.stm32cube.ide.mcu.externaltools.gnu-tools-for-stm32.10.3-2021.10.linux64_1.0.100.202210260954/tools/bin/../lib/gcc/arm-none-eabi/10.3.1/../../../../arm-none-eabi/lib/thumb/v7e-m+fp/hard/libc.a
LOAD /opt/st/stm32cubeide_1.11.2/plugins/com.st.stm32cube.ide.mcu.externaltools.gnu-tools-for-stm32.10.3-2021.10.linux64_1.0.100.202210260954/tools/bin/../lib/gcc/arm-none-eabi/10.3.1/../../../../arm-none-eabi/lib/thumb/v7e-m+fp/hard/libm.a
LOAD /opt/st/stm32cubeide_1.11.2/plugins/com.st.stm32cube.ide.mcu.externaltools.gnu-tools-for-stm32.10.3-2021.10.linux64_1.0.100.202210260954/tools/bin/../lib/gcc/arm-none-eabi/10.3.1/thumb/v7e-m+fp/hard/libgcc.a

.debug_info     0x0000000000000000     0x514d
 .debug_info    0x0000000000000000      0xbc7 ./Core/Src/7seg.o
 .debug_info    0x0000000000000bc7      0x597 ./Core/Src/helper_functions.o
 .debug_info    0x000000000000115e     0x112a ./Core/Src/keypad.o
 .debug_info    0x0000000000002288      0xdce ./Core/Src/led_button.o
 .debug_info    0x0000000000003056      0xb0a ./Core/Src/main.o
 .debug_info    0x0000000000003b60      0x609 ./Core/Src/speaker.o
 .debug_info    0x0000000000004169      0x107 ./Core/Src/stm32l4xx_it.o
 .debug_info    0x0000000000004270      0x5c6 ./Core/Src/system_stm32l4xx.o
 .debug_info    0x0000000000004836      0x8f5 ./Core/Src/timer.o
 .debug_info    0x000000000000512b       0x22 ./Core/Startup/startup_stm32l476rgtx.o

.debug_abbrev   0x0000000000000000      0xfcd
 .debug_abbrev  0x0000000000000000      0x270 ./Core/Src/7seg.o
 .debug_abbrev  0x0000000000000270      0x1b7 ./Core/Src/helper_functions.o
 .debug_abbrev  0x0000000000000427      0x28e ./Core/Src/keypad.o
 .debug_abbrev  0x00000000000006b5      0x26d ./Core/Src/led_button.o
 .debug_abbrev  0x0000000000000922      0x1f0 ./Core/Src/main.o
 .debug_abbrev  0x0000000000000b12      0x1ac ./Core/Src/speaker.o
 .debug_abbrev  0x0000000000000cbe       0x47 ./Core/Src/stm32l4xx_it.o
 .debug_abbrev  0x0000000000000d05      0x116 ./Core/Src/system_stm32l4xx.o
 .debug_abbrev  0x0000000000000e1b      0x1a0 ./Core/Src/timer.o
 .debug_abbrev  0x0000000000000fbb       0x12 ./Core/Startup/startup_stm32l476rgtx.o

.debug_aranges  0x0000000000000000      0x448
 .debug_aranges
                0x0000000000000000       0x90 ./Core/Src/7seg.o
 .debug_aranges
                0x0000000000000090       0x70 ./Core/Src/helper_functions.o
 .debug_aranges
                0x0000000000000100       0xa0 ./Core/Src/keypad.o
 .debug_aranges
                0x00000000000001a0       0xa8 ./Core/Src/led_button.o
 .debug_aranges
                0x0000000000000248       0x50 ./Core/Src/main.o
 .debug_aranges
                0x0000000000000298       0x58 ./Core/Src/speaker.o
 .debug_aranges
                0x00000000000002f0       0x58 ./Core/Src/stm32l4xx_it.o
 .debug_aranges
                0x0000000000000348       0x28 ./Core/Src/system_stm32l4xx.o
 .debug_aranges
                0x0000000000000370       0xb0 ./Core/Src/timer.o
 .debug_aranges
                0x0000000000000420       0x28 ./Core/Startup/startup_stm32l476rgtx.o

.debug_ranges   0x0000000000000000      0x3b0
 .debug_ranges  0x0000000000000000       0x80 ./Core/Src/7seg.o
 .debug_ranges  0x0000000000000080       0x60 ./Core/Src/helper_functions.o
 .debug_ranges  0x00000000000000e0       0x90 ./Core/Src/keypad.o
 .debug_ranges  0x0000000000000170       0x98 ./Core/Src/led_button.o
 .debug_ranges  0x0000000000000208       0x40 ./Core/Src/main.o
 .debug_ranges  0x0000000000000248       0x48 ./Core/Src/speaker.o
 .debug_ranges  0x0000000000000290       0x48 ./Core/Src/stm32l4xx_it.o
 .debug_ranges  0x00000000000002d8       0x18 ./Core/Src/system_stm32l4xx.o
 .debug_ranges  0x00000000000002f0       0xa0 ./Core/Src/timer.o
 .debug_ranges  0x0000000000000390       0x20 ./Core/Startup/startup_stm32l476rgtx.o

.debug_macro    0x0000000000000000    0x1cb24
 .debug_macro   0x0000000000000000       0xc8 ./Core/Src/7seg.o
 .debug_macro   0x00000000000000c8      0xa78 ./Core/Src/7seg.o
 .debug_macro   0x0000000000000b40       0x28 ./Core/Src/7seg.o
 .debug_macro   0x0000000000000b68       0x22 ./Core/Src/7seg.o
 .debug_macro   0x0000000000000b8a       0x8e ./Core/Src/7seg.o
 .debug_macro   0x0000000000000c18       0x51 ./Core/Src/7seg.o
 .debug_macro   0x0000000000000c69      0x103 ./Core/Src/7seg.o
 .debug_macro   0x0000000000000d6c       0x6a ./Core/Src/7seg.o
 .debug_macro   0x0000000000000dd6      0x1df ./Core/Src/7seg.o
 .debug_macro   0x0000000000000fb5       0x35 ./Core/Src/7seg.o
 .debug_macro   0x0000000000000fea       0x50 ./Core/Src/7seg.o
 .debug_macro   0x000000000000103a      0xe66 ./Core/Src/7seg.o
 .debug_macro   0x0000000000001ea0    0x1a16e ./Core/Src/7seg.o
 .debug_macro   0x000000000001c00e      0x124 ./Core/Src/7seg.o
 .debug_macro   0x000000000001c132       0x10 ./Core/Src/7seg.o
 .debug_macro   0x000000000001c142       0xc0 ./Core/Src/helper_functions.o
 .debug_macro   0x000000000001c202       0xc3 ./Core/Src/keypad.o
 .debug_macro   0x000000000001c2c5       0xc3 ./Core/Src/led_button.o
 .debug_macro   0x000000000001c388      0x159 ./Core/Src/main.o
 .debug_macro   0x000000000001c4e1      0x12a ./Core/Src/main.o
 .debug_macro   0x000000000001c60b       0xc4 ./Core/Src/speaker.o
 .debug_macro   0x000000000001c6cf      0x1da ./Core/Src/stm32l4xx_it.o
 .debug_macro   0x000000000001c8a9      0x1c1 ./Core/Src/system_stm32l4xx.o
 .debug_macro   0x000000000001ca6a       0xba ./Core/Src/timer.o

.debug_line     0x0000000000000000     0x4485
 .debug_line    0x0000000000000000      0x9e8 ./Core/Src/7seg.o
 .debug_line    0x00000000000009e8      0x55e ./Core/Src/helper_functions.o
 .debug_line    0x0000000000000f46      0xb0e ./Core/Src/keypad.o
 .debug_line    0x0000000000001a54      0x8af ./Core/Src/led_button.o
 .debug_line    0x0000000000002303      0x66d ./Core/Src/main.o
 .debug_line    0x0000000000002970      0x59c ./Core/Src/speaker.o
 .debug_line    0x0000000000002f0c      0x730 ./Core/Src/stm32l4xx_it.o
 .debug_line    0x000000000000363c      0x71d ./Core/Src/system_stm32l4xx.o
 .debug_line    0x0000000000003d59      0x6a4 ./Core/Src/timer.o
 .debug_line    0x00000000000043fd       0x88 ./Core/Startup/startup_stm32l476rgtx.o

.debug_str      0x0000000000000000   0x12d9f4
 .debug_str     0x0000000000000000    0x9ae4b ./Core/Src/7seg.o
                                      0x9b024 (size before relaxing)
 .debug_str     0x000000000009ae4b       0xe1 ./Core/Src/helper_functions.o
                                      0x9a968 (size before relaxing)
 .debug_str     0x000000000009af2c      0x751 ./Core/Src/keypad.o
                                      0x9b1e5 (size before relaxing)
 .debug_str     0x000000000009b67d      0x1c2 ./Core/Src/led_button.o
                                      0x9b1aa (size before relaxing)
 .debug_str     0x000000000009b83f      0x322 ./Core/Src/main.o
                                      0x9b313 (size before relaxing)
 .debug_str     0x000000000009bb61       0xd3 ./Core/Src/speaker.o
                                      0x9a9f5 (size before relaxing)
 .debug_str     0x000000000009bc34    0x91bd1 ./Core/Src/stm32l4xx_it.o
                                      0xe0e51 (size before relaxing)
 .debug_str     0x000000000012d805       0x9e ./Core/Src/system_stm32l4xx.o
                                      0xe0ed5 (size before relaxing)
 .debug_str     0x000000000012d8a3      0x11b ./Core/Src/timer.o
                                      0x9abb7 (size before relaxing)
 .debug_str     0x000000000012d9be       0x36 ./Core/Startup/startup_stm32l476rgtx.o
                                         0x7a (size before relaxing)

.comment        0x0000000000000000       0x50
 .comment       0x0000000000000000       0x50 ./Core/Src/7seg.o
                                         0x51 (size before relaxing)
 .comment       0x0000000000000050       0x51 ./Core/Src/helper_functions.o
 .comment       0x0000000000000050       0x51 ./Core/Src/keypad.o
 .comment       0x0000000000000050       0x51 ./Core/Src/led_button.o
 .comment       0x0000000000000050       0x51 ./Core/Src/main.o
 .comment       0x0000000000000050       0x51 ./Core/Src/speaker.o
 .comment       0x0000000000000050       0x51 ./Core/Src/stm32l4xx_it.o
 .comment       0x0000000000000050       0x51 ./Core/Src/system_stm32l4xx.o
 .comment       0x0000000000000050       0x51 ./Core/Src/timer.o

.debug_frame    0x0000000000000000     0x11f8
 .debug_frame   0x0000000000000000      0x28c ./Core/Src/7seg.o
 .debug_frame   0x000000000000028c      0x1b8 ./Core/Src/helper_functions.o
 .debug_frame   0x0000000000000444      0x298 ./Core/Src/keypad.o
 .debug_frame   0x00000000000006dc      0x2b0 ./Core/Src/led_button.o
 .debug_frame   0x000000000000098c       0xfc ./Core/Src/main.o
 .debug_frame   0x0000000000000a88      0x140 ./Core/Src/speaker.o
 .debug_frame   0x0000000000000bc8       0xe8 ./Core/Src/stm32l4xx_it.o
 .debug_frame   0x0000000000000cb0       0x58 ./Core/Src/system_stm32l4xx.o
 .debug_frame   0x0000000000000d08      0x2e0 ./Core/Src/timer.o
 .debug_frame   0x0000000000000fe8       0x2c /opt/st/stm32cubeide_1.11.2/plugins/com.st.stm32cube.ide.mcu.externaltools.gnu-tools-for-stm32.10.3-2021.10.linux64_1.0.100.202210260954/tools/bin/../lib/gcc/arm-none-eabi/10.3.1/../../../../arm-none-eabi/lib/thumb/v7e-m+fp/hard/libc_nano.a(lib_a-init.o)
 .debug_frame   0x0000000000001014       0xac /opt/st/stm32cubeide_1.11.2/plugins/com.st.stm32cube.ide.mcu.externaltools.gnu-tools-for-stm32.10.3-2021.10.linux64_1.0.100.202210260954/tools/bin/../lib/gcc/arm-none-eabi/10.3.1/thumb/v7e-m+fp/hard/libgcc.a(_arm_addsubdf3.o)
 .debug_frame   0x00000000000010c0       0x50 /opt/st/stm32cubeide_1.11.2/plugins/com.st.stm32cube.ide.mcu.externaltools.gnu-tools-for-stm32.10.3-2021.10.linux64_1.0.100.202210260954/tools/bin/../lib/gcc/arm-none-eabi/10.3.1/thumb/v7e-m+fp/hard/libgcc.a(_arm_muldivdf3.o)
 .debug_frame   0x0000000000001110       0xc4 /opt/st/stm32cubeide_1.11.2/plugins/com.st.stm32cube.ide.mcu.externaltools.gnu-tools-for-stm32.10.3-2021.10.linux64_1.0.100.202210260954/tools/bin/../lib/gcc/arm-none-eabi/10.3.1/thumb/v7e-m+fp/hard/libgcc.a(_arm_cmpdf2.o)
 .debug_frame   0x00000000000011d4       0x24 /opt/st/stm32cubeide_1.11.2/plugins/com.st.stm32cube.ide.mcu.externaltools.gnu-tools-for-stm32.10.3-2021.10.linux64_1.0.100.202210260954/tools/bin/../lib/gcc/arm-none-eabi/10.3.1/thumb/v7e-m+fp/hard/libgcc.a(_arm_fixdfsi.o)
