../Core/Inc/core_cm4.h:1596:22:NVIC_SetPriorityGrouping	24	static
../Core/Inc/core_cm4.h:1615:26:NVIC_GetPriorityGrouping	4	static
../Core/Inc/core_cm4.h:1626:22:NVIC_EnableIRQ	16	static
../Core/Inc/core_cm4.h:1637:22:NVIC_DisableIRQ	16	static
../Core/Inc/core_cm4.h:1650:26:NVIC_GetPendingIRQ	16	static
../Core/Inc/core_cm4.h:1661:22:NVIC_SetPendingIRQ	16	static
../Core/Inc/core_cm4.h:1672:22:NVIC_ClearPendingIRQ	16	static
../Core/Inc/core_cm4.h:1685:26:NVIC_GetActive	16	static
../Core/Inc/core_cm4.h:1698:22:NVIC_SetPriority	16	static
../Core/Inc/core_cm4.h:1720:26:NVIC_GetPriority	16	static
../Core/Inc/core_cm4.h:1745:26:NVIC_EncodePriority	40	static
../Core/Inc/core_cm4.h:1772:22:NVIC_DecodePriority	40	static
../Core/Inc/core_cm4.h:1790:22:NVIC_SystemReset	4	static,ignoring_inline_asm
../Core/Inc/core_cm4.h:1830:26:SysTick_Config	16	static
../Drivers/STM32L4xx_HAL_Driver/Src/stm32l4xx_hal_cortex.c:163:6:HAL_NVIC_SetPriorityGrouping	16	static
../Drivers/STM32L4xx_HAL_Driver/Src/stm32l4xx_hal_cortex.c:185:6:HAL_NVIC_SetPriority	32	static
../Drivers/STM32L4xx_HAL_Driver/Src/stm32l4xx_hal_cortex.c:207:6:HAL_NVIC_EnableIRQ	16	static
../Drivers/STM32L4xx_HAL_Driver/Src/stm32l4xx_hal_cortex.c:223:6:HAL_NVIC_DisableIRQ	16	static
../Drivers/STM32L4xx_HAL_Driver/Src/stm32l4xx_hal_cortex.c:236:6:HAL_NVIC_SystemReset	8	static
../Drivers/STM32L4xx_HAL_Driver/Src/stm32l4xx_hal_cortex.c:249:10:HAL_SYSTICK_Config	16	static
../Drivers/STM32L4xx_HAL_Driver/Src/stm32l4xx_hal_cortex.c:277:10:HAL_NVIC_GetPriorityGrouping	8	static
../Drivers/STM32L4xx_HAL_Driver/Src/stm32l4xx_hal_cortex.c:304:6:HAL_NVIC_GetPriority	24	static
../Drivers/STM32L4xx_HAL_Driver/Src/stm32l4xx_hal_cortex.c:319:6:HAL_NVIC_SetPendingIRQ	16	static
../Drivers/STM32L4xx_HAL_Driver/Src/stm32l4xx_hal_cortex.c:337:10:HAL_NVIC_GetPendingIRQ	16	static
../Drivers/STM32L4xx_HAL_Driver/Src/stm32l4xx_hal_cortex.c:353:6:HAL_NVIC_ClearPendingIRQ	16	static
../Drivers/STM32L4xx_HAL_Driver/Src/stm32l4xx_hal_cortex.c:370:10:HAL_NVIC_GetActive	16	static
../Drivers/STM32L4xx_HAL_Driver/Src/stm32l4xx_hal_cortex.c:384:6:HAL_SYSTICK_CLKSourceConfig	16	static
../Drivers/STM32L4xx_HAL_Driver/Src/stm32l4xx_hal_cortex.c:402:6:HAL_SYSTICK_IRQHandler	8	static
../Drivers/STM32L4xx_HAL_Driver/Src/stm32l4xx_hal_cortex.c:411:13:HAL_SYSTICK_Callback	4	static
../Drivers/STM32L4xx_HAL_Driver/Src/stm32l4xx_hal_cortex.c:430:6:HAL_MPU_Enable	16	static,ignoring_inline_asm
../Drivers/STM32L4xx_HAL_Driver/Src/stm32l4xx_hal_cortex.c:445:6:HAL_MPU_Disable	4	static,ignoring_inline_asm
../Drivers/STM32L4xx_HAL_Driver/Src/stm32l4xx_hal_cortex.c:461:6:HAL_MPU_ConfigRegion	16	static
